Archive member included to satisfy reference by file (symbol)

/home/kevin/bolos/gcc-arm-none-eabi-5_3-2016q1/bin/../lib/gcc/arm-none-eabi/5.3.1/armv6-m/libgcc.a(_udivsi3.o)
                              obj/cx.o (__aeabi_uidiv)
/home/kevin/bolos/gcc-arm-none-eabi-5_3-2016q1/bin/../lib/gcc/arm-none-eabi/5.3.1/armv6-m/libgcc.a(_dvmd_tls.o)
                              /home/kevin/bolos/gcc-arm-none-eabi-5_3-2016q1/bin/../lib/gcc/arm-none-eabi/5.3.1/armv6-m/libgcc.a(_udivsi3.o) (__aeabi_idiv0)
/home/kevin/bolos/gcc-arm-none-eabi-5_3-2016q1/bin/../lib/gcc/arm-none-eabi/5.3.1/../../../../arm-none-eabi/lib/armv6-m/libc.a(lib_a-aeabi_memclr.o)
                              obj/os_printf.o (__aeabi_memclr)
/home/kevin/bolos/gcc-arm-none-eabi-5_3-2016q1/bin/../lib/gcc/arm-none-eabi/5.3.1/../../../../arm-none-eabi/lib/armv6-m/libc.a(lib_a-aeabi_memmove.o)
                              obj/os_printf.o (__aeabi_memmove)
/home/kevin/bolos/gcc-arm-none-eabi-5_3-2016q1/bin/../lib/gcc/arm-none-eabi/5.3.1/../../../../arm-none-eabi/lib/armv6-m/libc.a(lib_a-aeabi_memset.o)
                              obj/os.o (__aeabi_memset)
/home/kevin/bolos/gcc-arm-none-eabi-5_3-2016q1/bin/../lib/gcc/arm-none-eabi/5.3.1/../../../../arm-none-eabi/lib/armv6-m/libc.a(lib_a-memmove.o)
                              /home/kevin/bolos/gcc-arm-none-eabi-5_3-2016q1/bin/../lib/gcc/arm-none-eabi/5.3.1/../../../../arm-none-eabi/lib/armv6-m/libc.a(lib_a-aeabi_memmove.o) (memmove)
/home/kevin/bolos/gcc-arm-none-eabi-5_3-2016q1/bin/../lib/gcc/arm-none-eabi/5.3.1/../../../../arm-none-eabi/lib/armv6-m/libc.a(lib_a-memset.o)
                              /home/kevin/bolos/gcc-arm-none-eabi-5_3-2016q1/bin/../lib/gcc/arm-none-eabi/5.3.1/../../../../arm-none-eabi/lib/armv6-m/libc.a(lib_a-aeabi_memset.o) (memset)
/home/kevin/bolos/gcc-arm-none-eabi-5_3-2016q1/bin/../lib/gcc/arm-none-eabi/5.3.1/../../../../arm-none-eabi/lib/armv6-m/libc.a(lib_a-setjmp.o)
                              obj/main.o (setjmp)
/home/kevin/bolos/gcc-arm-none-eabi-5_3-2016q1/bin/../lib/gcc/arm-none-eabi/5.3.1/../../../../arm-none-eabi/lib/armv6-m/libc.a(lib_a-strlen-stub.o)
                              obj/os_io_seproxyhal.o (strlen)

Discarded input sections

 .text          0x00000000        0x0 obj/cx.o
 .text.cx_rng_u32_range_func
                0x00000000       0x3c obj/cx.o
 .ARM.exidx.text.cx_rng_u32_range_func
                0x00000000        0x8 obj/cx.o
 .text.cx_rng_u32_range
                0x00000000       0x3a obj/cx.o
 .ARM.exidx.text.cx_rng_u32_range
                0x00000000        0x8 obj/cx.o
 .debug_str     0x00000000      0x10f obj/cx.o
 .debug_loc     0x00000000      0x170 obj/cx.o
 .debug_abbrev  0x00000000       0xc7 obj/cx.o
 .debug_info    0x00000000      0x175 obj/cx.o
 .debug_ranges  0x00000000       0x18 obj/cx.o
 .debug_macinfo
                0x00000000        0x1 obj/cx.o
 .debug_pubnames
                0x00000000       0x41 obj/cx.o
 .debug_pubtypes
                0x00000000       0x5f obj/cx.o
 .comment       0x00000000       0x2e obj/cx.o
 .note.GNU-stack
                0x00000000        0x0 obj/cx.o
 .ARM.attributes
                0x00000000       0x43 obj/cx.o
 .debug_frame   0x00000000       0x4c obj/cx.o
 .debug_line    0x00000000      0x1e7 obj/cx.o
 .llvm_addrsig  0x00000000        0x0 obj/cx.o
 .text          0x00000000        0x0 obj/cx_compliance_141.o
 .comment       0x00000000       0x2e obj/cx_compliance_141.o
 .note.GNU-stack
                0x00000000        0x0 obj/cx_compliance_141.o
 .ARM.attributes
                0x00000000       0x41 obj/cx_compliance_141.o
 .llvm_addrsig  0x00000000        0x0 obj/cx_compliance_141.o
 .text          0x00000000        0x0 obj/getAddress.o
 .llvm_addrsig  0x00000000       0x16 obj/getAddress.o
 .text          0x00000000        0x0 obj/globals.o
 .llvm_addrsig  0x00000000        0x0 obj/globals.o
 .text          0x00000000        0x0 obj/glyphs.o
 .rodata.C_icon_back_colors
                0x00000000        0x8 obj/glyphs.o
 .rodata.C_icon_back_bitmap
                0x00000000       0x19 obj/glyphs.o
 .rodata.C_icon_back
                0x00000000       0x14 obj/glyphs.o
 .rodata.C_icon_back_x_colors
                0x00000000        0x8 obj/glyphs.o
 .rodata.C_icon_back_x_bitmap
                0x00000000       0x19 obj/glyphs.o
 .rodata.C_icon_back_x
                0x00000000       0x14 obj/glyphs.o
 .rodata.C_icon_certificate_colors
                0x00000000        0x8 obj/glyphs.o
 .rodata.C_icon_certificate_bitmap
                0x00000000       0x19 obj/glyphs.o
 .rodata.C_icon_certificate
                0x00000000       0x14 obj/glyphs.o
 .rodata.C_icon_dashboard_colors
                0x00000000        0x8 obj/glyphs.o
 .rodata.C_icon_dashboard_bitmap
                0x00000000       0x19 obj/glyphs.o
 .rodata.C_icon_dashboard
                0x00000000       0x14 obj/glyphs.o
 .rodata.C_icon_eye_colors
                0x00000000        0x8 obj/glyphs.o
[...]
Memory Configuration

Name             Origin             Length             Attributes
DISCARD          0xd0000000         0x00100000         xrw
FLASH            0xc0d00000         0x00064000         xr
SRAM             0x20001800         0x00001000         xrw
*default*        0x00000000         0xffffffff

Linker script and memory map

LOAD obj/cx.o
LOAD obj/cx_compliance_141.o
LOAD obj/getAddress.o
LOAD obj/globals.o
LOAD obj/glyphs.o
LOAD obj/main.o
LOAD obj/menu.o
LOAD obj/os.o
LOAD obj/os_io_seproxyhal.o
LOAD obj/os_io_usb.o
LOAD obj/os_printf.o
LOAD obj/pic.o
LOAD obj/pic_internal.o
LOAD obj/signRawTx.o
LOAD obj/syscalls.o
LOAD obj/tcr.o
LOAD obj/u2f_impl.o
LOAD obj/u2f_io.o
LOAD obj/u2f_transport.o
LOAD obj/usbd_ccid_cmd.o
LOAD obj/usbd_ccid_core.o
LOAD obj/usbd_ccid_if.o
LOAD obj/usbd_conf.o
LOAD obj/usbd_core.o
LOAD obj/usbd_ctlreq.o
LOAD obj/usbd_hid.o
LOAD obj/usbd_impl.o
LOAD obj/usbd_ioreq.o
LOAD obj/utils.o
LOAD obj/ux_flow_engine.o
LOAD obj/ux_layout_bb.o
LOAD obj/ux_layout_bn.o
LOAD obj/ux_layout_bnn.o
LOAD obj/ux_layout_bnnn.o
LOAD obj/ux_layout_nn.o
LOAD obj/ux_layout_nnbnn.o
LOAD obj/ux_layout_nnn.o
LOAD obj/ux_layout_nnnn.o
LOAD obj/ux_layout_paging.o
LOAD obj/ux_layout_pb.o
LOAD obj/ux_layout_pbb.o
LOAD obj/ux_layout_pn.o
LOAD obj/ux_layout_pnn.o
LOAD obj/ux_layout_utils.o
LOAD obj/ux_legacy.o
LOAD obj/ux_menulist.o
LOAD obj/ux_stack.o
LOAD /home/kevin/bolos/gcc-arm-none-eabi-5_3-2016q1/bin/../lib/gcc/arm-none-eabi/5.3.1/../../../../arm-none-eabi/lib/armv6-m/libm.a
LOAD /home/kevin/bolos/gcc-arm-none-eabi-5_3-2016q1/bin/../lib/gcc/arm-none-eabi/5.3.1/armv6-m/libgcc.a
LOAD /home/kevin/bolos/gcc-arm-none-eabi-5_3-2016q1/bin/../lib/gcc/arm-none-eabi/5.3.1/../../../../arm-none-eabi/lib/armv6-m/libc.a
START GROUP
LOAD /home/kevin/bolos/gcc-arm-none-eabi-5_3-2016q1/bin/../lib/gcc/arm-none-eabi/5.3.1/armv6-m/libgcc.a
LOAD /home/kevin/bolos/gcc-arm-none-eabi-5_3-2016q1/bin/../lib/gcc/arm-none-eabi/5.3.1/../../../../arm-none-eabi/lib/armv6-m/libg.a
LOAD /home/kevin/bolos/gcc-arm-none-eabi-5_3-2016q1/bin/../lib/gcc/arm-none-eabi/5.3.1/../../../../arm-none-eabi/lib/armv6-m/libc.a
END GROUP
                0x00000040                PAGE_SIZE = 0x40
                0x00000200                STACK_SIZE = 0x200
                0x20002800                END_STACK = (ORIGIN (SRAM) + LENGTH (SRAM))

.text           0xc0d00000     0x5340
                0xc0d00000                _text = .
                0xc0d00000                _nvram = .
                [!provide]                PROVIDE (_setjmp, setjmp)
 *(.boot*)
 .boot          0xc0d00000       0x68 obj/main.o
                0xc0d00000                main
 *(.text*)
 .text.ux_display_public_flow_6_step_validateinit
                0xc0d00068       0x30 obj/getAddress.o
                0xc0d00068                ux_display_public_flow_6_step_validateinit
 .text.ux_display_public_flow_7_step_validateinit
                0xc0d00098        0xc obj/getAddress.o
                0xc0d00098                ux_display_public_flow_7_step_validateinit
 .text.parseGetAddressData
                0xc0d000a4       0x14 obj/getAddress.o
                0xc0d000a4                parseGetAddressData
 .text.handleGetAddress
                0xc0d000b8       0x70 obj/getAddress.o
                0xc0d000b8                handleGetAddress
 .text.set_result_get_address
                0xc0d00128       0x28 obj/getAddress.o
 .text.handleApdu
                0xc0d00150      0x138 obj/main.o
                0xc0d00150                handleApdu
 .text.app_main
                0xc0d00288       0xec obj/main.o
                0xc0d00288                app_main
 .text.io_seproxyhal_display
                0xc0d00374        0x8 obj/main.o
                0xc0d00374                io_seproxyhal_display
 .text.io_event
                0xc0d0037c      0x5e0 obj/main.o
                0xc0d0037c                io_event
 .text.io_exchange_al
                0xc0d0095c       0x48 obj/main.o
                0xc0d0095c                io_exchange_al
 .text.app_exit
                0xc0d009a4       0x40 obj/main.o
                0xc0d009a4                app_exit
 .text.nv_app_state_init
                0xc0d009e4       0x60 obj/main.o
                0xc0d009e4                nv_app_state_init
 .text.ui_idle  0xc0d00a44       0x24 obj/menu.o
                0xc0d00a44                ui_idle
 .text.settings_submenu_getter
                0xc0d00a68       0x14 obj/menu.o
                0xc0d00a68                settings_submenu_getter
 .text.settings_submenu_selector
                0xc0d00a7c        0x8 obj/menu.o
                0xc0d00a7c                settings_submenu_selector
 .text.ux_idle_flow_2_step_validateinit
                0xc0d00a84       0x1c obj/menu.o
                0xc0d00a84                ux_idle_flow_2_step_validateinit
 .text.ux_idle_flow_4_step_validateinit
                0xc0d00aa0        0xa obj/menu.o
                0xc0d00aa0                ux_idle_flow_4_step_validateinit
 .text.os_boot  0xc0d00aaa        0xa obj/os.o
                0xc0d00aaa                os_boot
 .text.os_memmove
                0xc0d00ab4       0x2c obj/os.o
                0xc0d00ab4                os_memmove
 .text.os_memset
                0xc0d00ae0       0x12 obj/os.o
                0xc0d00ae0                os_memset
 .text.os_memcmp
                0xc0d00af2       0x28 obj/os.o
                0xc0d00af2                os_memcmp
 .text.os_longjmp
                0xc0d00b1a        0xc obj/os.o
                0xc0d00b1a                os_longjmp
 *fill*         0xc0d00b26        0x2 00
 .text.io_seproxyhal_general_status
                0xc0d00b28       0x2c obj/os_io_seproxyhal.o
                0xc0d00b28                io_seproxyhal_general_status
 .text.io_seproxyhal_handle_usb_event
                0xc0d00b54       0x78 obj/os_io_seproxyhal.o
                0xc0d00b54                io_seproxyhal_handle_usb_event
 .text.io_seproxyhal_get_ep_rx_size
                0xc0d00bcc       0x18 obj/os_io_seproxyhal.o
                0xc0d00bcc                io_seproxyhal_get_ep_rx_size
 .text.io_seproxyhal_handle_usb_ep_xfer_event
                0xc0d00be4       0x64 obj/os_io_seproxyhal.o
                0xc0d00be4                io_seproxyhal_handle_usb_ep_xfer_event
 .text.io_usb_send_ep
                0xc0d00c48       0x50 obj/os_io_seproxyhal.o
                0xc0d00c48                io_usb_send_ep
 .text.io_usb_send_apdu_data
                0xc0d00c98       0x10 obj/os_io_seproxyhal.o
                0xc0d00c98                io_usb_send_apdu_data
 .text.io_usb_send_apdu_data_ep0x83
                0xc0d00ca8       0x10 obj/os_io_seproxyhal.o
                0xc0d00ca8                io_usb_send_apdu_data_ep0x83
 .text.io_seproxyhal_handle_capdu_event
                0xc0d00cb8       0x40 obj/os_io_seproxyhal.o
                0xc0d00cb8                io_seproxyhal_handle_capdu_event
 .text.io_seproxyhal_handle_event
                0xc0d00cf8       0x8c obj/os_io_seproxyhal.o
                0xc0d00cf8                io_seproxyhal_handle_event
 .text.io_seproxyhal_init
                0xc0d00d84       0x34 obj/os_io_seproxyhal.o
                0xc0d00d84                io_seproxyhal_init
 .text.io_seproxyhal_init_ux
                0xc0d00db8        0x2 obj/os_io_seproxyhal.o
                0xc0d00db8                io_seproxyhal_init_ux
 *fill*         0xc0d00dba        0x2 00
 .text.io_seproxyhal_init_button
                0xc0d00dbc       0x10 obj/os_io_seproxyhal.o
                0xc0d00dbc                io_seproxyhal_init_button
 .text.io_seproxyhal_display_icon
                0xc0d00dcc       0xa0 obj/os_io_seproxyhal.o
                0xc0d00dcc                io_seproxyhal_display_icon
 .text.io_seproxyhal_display_default
                0xc0d00e6c       0x88 obj/os_io_seproxyhal.o
                0xc0d00e6c                io_seproxyhal_display_default
 .text.io_seproxyhal_button_push
                0xc0d00ef4       0x64 obj/os_io_seproxyhal.o
                0xc0d00ef4                io_seproxyhal_button_push
 .text.os_io_seproxyhal_get_app_name_and_version
                0xc0d00f58       0x48 obj/os_io_seproxyhal.o
                0xc0d00f58                os_io_seproxyhal_get_app_name_and_version
 .text.io_exchange
                0xc0d00fa0      0x2e0 obj/os_io_seproxyhal.o
                0xc0d00fa0                io_exchange
 .text.os_io_seph_recv_and_process
                0xc0d01280       0x4c obj/os_io_seproxyhal.o
                0xc0d01280                os_io_seph_recv_and_process
 .text.io_usb_hid_receive
                0xc0d012cc      0x13c obj/os_io_usb.o
                0xc0d012cc                io_usb_hid_receive
 .text.io_usb_hid_init
                0xc0d01408       0x1c obj/os_io_usb.o
                0xc0d01408                io_usb_hid_init
 .text.io_usb_hid_sent
                0xc0d01424       0xb8 obj/os_io_usb.o
                0xc0d01424                io_usb_hid_sent
 .text.io_usb_hid_send
                0xc0d014dc       0x34 obj/os_io_usb.o
                0xc0d014dc                io_usb_hid_send
 .text.snprintf
                0xc0d01510      0x380 obj/os_printf.o
                0xc0d01510                snprintf
 .text.pic      0xc0d01890       0x1c obj/pic.o
                0xc0d01890                pic
 .text.pic_internal
                0xc0d018ac       0x10 obj/pic_internal.o
                0xc0d018ac                pic_internal
 .text.ux_display_sign_flow_2_step_validateinit
                0xc0d018bc       0x2c obj/signRawTx.o
                0xc0d018bc                ux_display_sign_flow_2_step_validateinit
 .text.ux_display_sign_flow_3_step_validateinit
                0xc0d018e8        0xc obj/signRawTx.o
                0xc0d018e8                ux_display_sign_flow_3_step_validateinit
 .text.parseSignRawTxData
                0xc0d018f4       0x6c obj/signRawTx.o
                0xc0d018f4                parseSignRawTxData
 .text.handleSignRawTx
                0xc0d01960       0xa0 obj/signRawTx.o
                0xc0d01960                handleSignRawTx
 .text.SVC_Call
                0xc0d01a00        0x4 obj/syscalls.o
                0xc0d01a00                SVC_Call
 .text.check_api_level
                0xc0d01a04       0x18 obj/syscalls.o
                0xc0d01a04                check_api_level
 .text.halt     0xc0d01a1c       0x14 obj/syscalls.o
                0xc0d01a1c                halt
 .text.nvm_write
                0xc0d01a30       0x1c obj/syscalls.o
                0xc0d01a30                nvm_write
 .text.cx_rng   0xc0d01a4c       0x1c obj/syscalls.o
                0xc0d01a4c                cx_rng
 .text.cx_hash_sha256
                0xc0d01a68       0x20 obj/syscalls.o
                0xc0d01a68                cx_hash_sha256
 .text.cx_ecfp_init_private_key
                0xc0d01a88       0x20 obj/syscalls.o
                0xc0d01a88                cx_ecfp_init_private_key
 .text.cx_ecfp_generate_pair
                0xc0d01aa8       0x20 obj/syscalls.o
                0xc0d01aa8                cx_ecfp_generate_pair
 .text.cx_eddsa_sign
                0xc0d01ac8       0x38 obj/syscalls.o
                0xc0d01ac8                cx_eddsa_sign
 .text.cx_crc16_update
                0xc0d01b00       0x20 obj/syscalls.o
                0xc0d01b00                cx_crc16_update
 .text.os_perso_isonboarded
                0xc0d01b20       0x18 obj/syscalls.o
                0xc0d01b20                os_perso_isonboarded
 .text.os_perso_derive_node_with_seed_key
                0xc0d01b38       0x2c obj/syscalls.o
                0xc0d01b38                os_perso_derive_node_with_seed_key
 .text.os_perso_seed_cookie
                0xc0d01b64       0x1c obj/syscalls.o
                0xc0d01b64                os_perso_seed_cookie
 .text.os_global_pin_is_validated
                0xc0d01b80       0x18 obj/syscalls.o
                0xc0d01b80                os_global_pin_is_validated
 .text.os_ux    0xc0d01b98       0x18 obj/syscalls.o
                0xc0d01b98                os_ux
 .text.os_flags
                0xc0d01bb0       0x18 obj/syscalls.o
                0xc0d01bb0                os_flags
 .text.os_registry_get_current_app_tag
                0xc0d01bc8       0x1c obj/syscalls.o
                0xc0d01bc8                os_registry_get_current_app_tag
 .text.os_sched_exit
                0xc0d01be4       0x18 obj/syscalls.o
                0xc0d01be4                os_sched_exit
 .text.io_seph_send
                0xc0d01bfc       0x18 obj/syscalls.o
                0xc0d01bfc                io_seph_send
 .text.io_seph_is_status_sent
                0xc0d01c14       0x18 obj/syscalls.o
                0xc0d01c14                io_seph_is_status_sent
 .text.io_seph_recv
                0xc0d01c2c       0x20 obj/syscalls.o
                0xc0d01c2c                io_seph_recv
 .text.try_context_get
                0xc0d01c4c       0x18 obj/syscalls.o
                0xc0d01c4c                try_context_get
 .text.try_context_set
                0xc0d01c64       0x18 obj/syscalls.o
                0xc0d01c64                try_context_set
 .text.os_sched_last_status
                0xc0d01c7c       0x1c obj/syscalls.o
                0xc0d01c7c                os_sched_last_status
 .text.u2f_apdu_sign
                0xc0d01c98      0x100 obj/u2f_impl.o
                0xc0d01c98                u2f_apdu_sign
 .text.u2f_handle_cmd_init
                0xc0d01d98       0xa0 obj/u2f_impl.o
                0xc0d01d98                u2f_handle_cmd_init
 .text.u2f_handle_cmd_msg
                0xc0d01e38       0xbc obj/u2f_impl.o
                0xc0d01e38                u2f_handle_cmd_msg
 .text.u2f_message_complete
                0xc0d01ef4       0x3c obj/u2f_impl.o
                0xc0d01ef4                u2f_message_complete
 .text.u2f_io_send
                0xc0d01f30       0x34 obj/u2f_io.o
                0xc0d01f30                u2f_io_send
 .text.u2f_transport_init
                0xc0d01f64       0x14 obj/u2f_transport.o
                0xc0d01f64                u2f_transport_init
 .text.u2f_transport_sent
                0xc0d01f78      0x118 obj/u2f_transport.o
                0xc0d01f78                u2f_transport_sent
 .text.u2f_message_repliable
                0xc0d02090       0x2a obj/u2f_transport.o
                0xc0d02090                u2f_message_repliable
 *fill*         0xc0d020ba        0x2 00
 .text.u2f_transport_send_usb_user_presence_required
                0xc0d020bc       0x3c obj/u2f_transport.o
                0xc0d020bc                u2f_transport_send_usb_user_presence_required
 .text.u2f_transport_send_wink
                0xc0d020f8       0x30 obj/u2f_transport.o
                0xc0d020f8                u2f_transport_send_wink
 .text.u2f_transport_receive_fakeChannel
                0xc0d02128      0x100 obj/u2f_transport.o
                0xc0d02128                u2f_transport_receive_fakeChannel
 .text.u2f_transport_received
                0xc0d02228      0x3a0 obj/u2f_transport.o
                0xc0d02228                u2f_transport_received
 .text.u2f_is_channel_broadcast
                0xc0d025c8       0x18 obj/u2f_transport.o
                0xc0d025c8                u2f_is_channel_broadcast
 .text.u2f_message_set_autoreply_wait_user_presence
                0xc0d025e0       0x26 obj/u2f_transport.o
                0xc0d025e0                u2f_message_set_autoreply_wait_user_presence
 *fill*         0xc0d02606        0x2 00
 .text.u2f_message_reply
                0xc0d02608       0x68 obj/u2f_transport.o
                0xc0d02608                u2f_message_reply
 .text.USBD_LL_Init
                0xc0d02670       0x14 obj/usbd_conf.o
                0xc0d02670                USBD_LL_Init
 .text.USBD_LL_DeInit
                0xc0d02684       0x24 obj/usbd_conf.o
                0xc0d02684                USBD_LL_DeInit
 .text.USBD_LL_Start
                0xc0d026a8       0x38 obj/usbd_conf.o
                0xc0d026a8                USBD_LL_Start
 .text.USBD_LL_Stop
                0xc0d026e0       0x22 obj/usbd_conf.o
                0xc0d026e0                USBD_LL_Stop
 *fill*         0xc0d02702        0x2 00
 .text.USBD_LL_OpenEP
                0xc0d02704       0x60 obj/usbd_conf.o
                0xc0d02704                USBD_LL_OpenEP
 .text.USBD_LL_CloseEP
                0xc0d02764       0x2c obj/usbd_conf.o
                0xc0d02764                USBD_LL_CloseEP
 .text.USBD_LL_StallEP
                0xc0d02790       0x48 obj/usbd_conf.o
                0xc0d02790                USBD_LL_StallEP
 .text.USBD_LL_ClearStallEP
                0xc0d027d8       0x48 obj/usbd_conf.o
                0xc0d027d8                USBD_LL_ClearStallEP
 .text.USBD_LL_IsStallEP
                0xc0d02820       0x20 obj/usbd_conf.o
                0xc0d02820                USBD_LL_IsStallEP
 .text.USBD_LL_SetUSBAddress
                0xc0d02840       0x24 obj/usbd_conf.o
                0xc0d02840                USBD_LL_SetUSBAddress
 .text.USBD_LL_Transmit
                0xc0d02864       0x32 obj/usbd_conf.o
                0xc0d02864                USBD_LL_Transmit
 .text.USBD_LL_PrepareReceive
                0xc0d02896       0x26 obj/usbd_conf.o
                0xc0d02896                USBD_LL_PrepareReceive
 .text.USBD_Init
                0xc0d028bc       0x32 obj/usbd_core.o
                0xc0d028bc                USBD_Init
 .text.USBD_DeInit
                0xc0d028ee       0x3c obj/usbd_core.o
                0xc0d028ee                USBD_DeInit
 .text.USBD_RegisterClassForInterface
                0xc0d0292a       0x1a obj/usbd_core.o
                0xc0d0292a                USBD_RegisterClassForInterface
 .text.USBD_Start
                0xc0d02944        0xa obj/usbd_core.o
                0xc0d02944                USBD_Start
 .text.USBD_SetClassConfig
                0xc0d0294e       0x36 obj/usbd_core.o
                0xc0d0294e                USBD_SetClassConfig
 .text.USBD_ClrClassConfig
                0xc0d02984       0x36 obj/usbd_core.o
                0xc0d02984                USBD_ClrClassConfig
 .text.USBD_LL_SetupStage
                0xc0d029ba       0x5c obj/usbd_core.o
                0xc0d029ba                USBD_LL_SetupStage
 .text.USBD_LL_DataOutStage
                0xc0d02a16       0xb0 obj/usbd_core.o
                0xc0d02a16                USBD_LL_DataOutStage
 .text.USBD_LL_DataInStage
                0xc0d02ac6       0xe8 obj/usbd_core.o
                0xc0d02ac6                USBD_LL_DataInStage
 .text.USBD_LL_Reset
                0xc0d02bae       0x3e obj/usbd_core.o
                0xc0d02bae                USBD_LL_Reset
 .text.USBD_LL_SetSpeed
                0xc0d02bec        0x6 obj/usbd_core.o
                0xc0d02bec                USBD_LL_SetSpeed
 .text.USBD_LL_Suspend
                0xc0d02bf2        0x4 obj/usbd_core.o
                0xc0d02bf2                USBD_LL_Suspend
 .text.USBD_LL_Resume
                0xc0d02bf6        0x4 obj/usbd_core.o
                0xc0d02bf6                USBD_LL_Resume
 .text.USBD_LL_SOF
                0xc0d02bfa       0x3a obj/usbd_core.o
                0xc0d02bfa                USBD_LL_SOF
 .text.usbd_is_valid_intf
                0xc0d02c34       0x1a obj/usbd_ctlreq.o
                0xc0d02c34                usbd_is_valid_intf
 .text.USBD_StdDevReq
                0xc0d02c4e       0x5a obj/usbd_ctlreq.o
                0xc0d02c4e                USBD_StdDevReq
 .text.USBD_GetDescriptor
                0xc0d02ca8      0x10c obj/usbd_ctlreq.o
                0xc0d02ca8                USBD_GetDescriptor
 .text.USBD_SetAddress
                0xc0d02db4       0x4c obj/usbd_ctlreq.o
                0xc0d02db4                USBD_SetAddress
 .text.USBD_SetConfig
                0xc0d02e00       0x6e obj/usbd_ctlreq.o
                0xc0d02e00                USBD_SetConfig
 .text.USBD_GetConfig
                0xc0d02e6e       0x2e obj/usbd_ctlreq.o
                0xc0d02e6e                USBD_GetConfig
 .text.USBD_GetStatus
                0xc0d02e9c       0x44 obj/usbd_ctlreq.o
                0xc0d02e9c                USBD_GetStatus
 .text.USBD_SetFeature
                0xc0d02ee0       0x3a obj/usbd_ctlreq.o
                0xc0d02ee0                USBD_SetFeature
 .text.USBD_ClrFeature
                0xc0d02f1a       0x50 obj/usbd_ctlreq.o
                0xc0d02f1a                USBD_ClrFeature
 .text.USBD_StdItfReq
                0xc0d02f6a       0x48 obj/usbd_ctlreq.o
                0xc0d02f6a                USBD_StdItfReq
 .text.USBD_StdEPReq
                0xc0d02fb2      0x108 obj/usbd_ctlreq.o
                0xc0d02fb2                USBD_StdEPReq
 .text.USBD_ParseSetupRequest
                0xc0d030ba       0x28 obj/usbd_ctlreq.o
                0xc0d030ba                USBD_ParseSetupRequest
 .text.USBD_CtlStall
                0xc0d030e2       0x14 obj/usbd_ctlreq.o
                0xc0d030e2                USBD_CtlStall
 .text.USBD_HID_Setup
                0xc0d030f6       0x96 obj/usbd_hid.o
                0xc0d030f6                USBD_HID_Setup
 .text.USBD_HID_Init
                0xc0d0318c       0x32 obj/usbd_hid.o
                0xc0d0318c                USBD_HID_Init
 .text.USBD_HID_DeInit
                0xc0d031be       0x16 obj/usbd_hid.o
                0xc0d031be                USBD_HID_DeInit
 .text.USBD_HID_GetHidDescriptor_impl
                0xc0d031d4       0x34 obj/usbd_impl.o
                0xc0d031d4                USBD_HID_GetHidDescriptor_impl
 .text.USBD_HID_GetReportDescriptor_impl
                0xc0d03208       0x64 obj/usbd_impl.o
                0xc0d03208                USBD_HID_GetReportDescriptor_impl
 .text.USBD_U2F_Init
                0xc0d0326c       0x32 obj/usbd_impl.o
                0xc0d0326c                USBD_U2F_Init
 *fill*         0xc0d0329e        0x2 00
 .text.USBD_U2F_DataIn_impl
                0xc0d032a0       0x18 obj/usbd_impl.o
                0xc0d032a0                USBD_U2F_DataIn_impl
 .text.USBD_U2F_DataOut_impl
                0xc0d032b8       0x2c obj/usbd_impl.o
                0xc0d032b8                USBD_U2F_DataOut_impl
 .text.USBD_HID_DataIn_impl
                0xc0d032e4       0x18 obj/usbd_impl.o
                0xc0d032e4                USBD_HID_DataIn_impl
 .text.USBD_HID_DataOut_impl
                0xc0d032fc       0x4c obj/usbd_impl.o
                0xc0d032fc                USBD_HID_DataOut_impl
 .text.USBD_WEBUSB_Init
                0xc0d03348       0x2c obj/usbd_impl.o
                0xc0d03348                USBD_WEBUSB_Init
 .text.USBD_WEBUSB_DeInit
                0xc0d03374        0x4 obj/usbd_impl.o
                0xc0d03374                USBD_WEBUSB_DeInit
 .text.USBD_WEBUSB_Setup
                0xc0d03378        0x4 obj/usbd_impl.o
                0xc0d03378                USBD_WEBUSB_Setup
 .text.USBD_WEBUSB_DataIn
                0xc0d0337c       0x18 obj/usbd_impl.o
                0xc0d0337c                USBD_WEBUSB_DataIn
 .text.USBD_WEBUSB_DataOut
                0xc0d03394       0x4c obj/usbd_impl.o
                0xc0d03394                USBD_WEBUSB_DataOut
 .text.USBD_DeviceDescriptor
                0xc0d033e0       0x10 obj/usbd_impl.o
 .text.USBD_LangIDStrDescriptor
                0xc0d033f0       0x10 obj/usbd_impl.o
 .text.USBD_ManufacturerStrDescriptor
                0xc0d03400       0x10 obj/usbd_impl.o
 .text.USBD_ProductStrDescriptor
                0xc0d03410       0x10 obj/usbd_impl.o
 .text.USBD_SerialStrDescriptor
                0xc0d03420       0x10 obj/usbd_impl.o
 .text.USBD_ConfigStrDescriptor
                0xc0d03430       0x10 obj/usbd_impl.o
 .text.USBD_InterfaceStrDescriptor
                0xc0d03440       0x10 obj/usbd_impl.o
 .text.USBD_BOSDescriptor
                0xc0d03450       0x10 obj/usbd_impl.o
 .text.USBD_CtlError
                0xc0d03460       0xc0 obj/usbd_impl.o
                0xc0d03460                USBD_CtlError
 .text.USB_power
                0xc0d03520       0xbc obj/usbd_impl.o
                0xc0d03520                USB_power
 .text.USBD_GetCfgDesc_impl
                0xc0d035dc       0x10 obj/usbd_impl.o
 .text.USBD_GetDeviceQualifierDesc_impl
                0xc0d035ec       0x10 obj/usbd_impl.o
 .text.USBD_CtlSendData
                0xc0d035fc       0x2c obj/usbd_ioreq.o
                0xc0d035fc                USBD_CtlSendData
 .text.USBD_CtlContinueSendData
                0xc0d03628       0x1c obj/usbd_ioreq.o
                0xc0d03628                USBD_CtlContinueSendData
 .text.USBD_CtlContinueRx
                0xc0d03644        0xe obj/usbd_ioreq.o
                0xc0d03644                USBD_CtlContinueRx
 .text.USBD_CtlSendStatus
                0xc0d03652       0x18 obj/usbd_ioreq.o
                0xc0d03652                USBD_CtlSendStatus
 .text.USBD_CtlReceiveStatus
                0xc0d0366a       0x16 obj/usbd_ioreq.o
                0xc0d0366a                USBD_CtlReceiveStatus
 .text.btox     0xc0d03680       0x34 obj/utils.o
                0xc0d03680                btox
 .text.getAddressStringFromBinary
                0xc0d036b4       0x58 obj/utils.o
                0xc0d036b4                getAddressStringFromBinary
 .text.getPublicKey
                0xc0d0370c       0x4e obj/utils.o
                0xc0d0370c                getPublicKey
 *fill*         0xc0d0375a        0x2 00
 .text.getPrivateKey
                0xc0d0375c       0x58 obj/utils.o
                0xc0d0375c                getPrivateKey
 .text.readUint32BE
                0xc0d037b4       0x16 obj/utils.o
                0xc0d037b4                readUint32BE
 *fill*         0xc0d037ca        0x2 00
 .text.sendResponse
                0xc0d037cc       0x38 obj/utils.o
                0xc0d037cc                sendResponse
 .text.parseAPDU
                0xc0d03804       0x28 obj/utils.o
                0xc0d03804                parseAPDU
 .text.ux_flow_is_first
                0xc0d0382c       0x50 obj/ux_flow_engine.o
                0xc0d0382c                ux_flow_is_first
 .text.ux_flow_is_last
                0xc0d0387c       0x40 obj/ux_flow_engine.o
                0xc0d0387c                ux_flow_is_last
 .text.ux_flow_direction
                0xc0d038bc       0x28 obj/ux_flow_engine.o
                0xc0d038bc                ux_flow_direction
 .text.ux_flow_next_internal
                0xc0d038e4       0x64 obj/ux_flow_engine.o
 .text.ux_flow_next
                0xc0d03948        0xa obj/ux_flow_engine.o
                0xc0d03948                ux_flow_next
 *fill*         0xc0d03952        0x2 00
 .text.ux_flow_prev
                0xc0d03954       0x64 obj/ux_flow_engine.o
                0xc0d03954                ux_flow_prev
 .text.ux_flow_engine_init_step
                0xc0d039b8       0x78 obj/ux_flow_engine.o
 .text.ux_flow_validate
                0xc0d03a30       0xb0 obj/ux_flow_engine.o
                0xc0d03a30                ux_flow_validate
 .text.ux_flow_init
                0xc0d03ae0       0x94 obj/ux_flow_engine.o
                0xc0d03ae0                ux_flow_init
 .text.ux_flow_button_callback
                0xc0d03b74       0x38 obj/ux_flow_engine.o
                0xc0d03b74                ux_flow_button_callback
 .text.ux_stack_get_step_params
                0xc0d03bac       0x30 obj/ux_flow_engine.o
                0xc0d03bac                ux_stack_get_step_params
 .text.ux_stack_get_current_step_params
                0xc0d03bdc       0x14 obj/ux_flow_engine.o
                0xc0d03bdc                ux_stack_get_current_step_params
 .text.ux_layout_bb_init_common
                0xc0d03bf0       0x3c obj/ux_layout_bb.o
                0xc0d03bf0                ux_layout_bb_init_common
 .text.ux_layout_bn_prepro
                0xc0d03c2c       0x24 obj/ux_layout_bn.o
                0xc0d03c2c                ux_layout_bn_prepro
 .text.ux_layout_bn_init
                0xc0d03c50       0x28 obj/ux_layout_bn.o
                0xc0d03c50                ux_layout_bn_init
 .text.ux_layout_nnbnn_prepro
                0xc0d03c78       0x54 obj/ux_layout_nnbnn.o
                0xc0d03c78                ux_layout_nnbnn_prepro
 .text.ux_layout_nnbnn_init
                0xc0d03ccc       0x4c obj/ux_layout_nnbnn.o
                0xc0d03ccc                ux_layout_nnbnn_init
 .text.ux_layout_paging_compute
                0xc0d03d18      0x128 obj/ux_layout_paging.o
                0xc0d03d18                ux_layout_paging_compute
 .text.ux_layout_paging_redisplay
                0xc0d03e40       0x3c obj/ux_layout_paging.o
                0xc0d03e40                ux_layout_paging_redisplay
 .text.ux_layout_paging_prepro
                0xc0d03e7c      0x100 obj/ux_layout_paging.o
 .text.ux_layout_paging_button_callback
                0xc0d03f7c       0x70 obj/ux_layout_paging.o
 .text.ux_layout_paging_init
                0xc0d03fec       0x88 obj/ux_layout_paging.o
                0xc0d03fec                ux_layout_paging_init
 .text.ux_layout_pb_prepro
                0xc0d04074       0x58 obj/ux_layout_pb.o
                0xc0d04074                ux_layout_pb_prepro
 .text.ux_layout_pb_init
                0xc0d040cc       0x4c obj/ux_layout_pb.o
                0xc0d040cc                ux_layout_pb_init
 .text.ux_layout_pbb_prepro
                0xc0d04118       0x68 obj/ux_layout_pbb.o
                0xc0d04118                ux_layout_pbb_prepro
 .text.ux_layout_pbb_init_common
                0xc0d04180       0x3c obj/ux_layout_pbb.o
                0xc0d04180                ux_layout_pbb_init_common
 .text.ux_layout_pnn_prepro
                0xc0d041bc       0x20 obj/ux_layout_pnn.o
                0xc0d041bc                ux_layout_pnn_prepro
 .text.ux_layout_pnn_init
                0xc0d041dc       0x28 obj/ux_layout_pnn.o
                0xc0d041dc                ux_layout_pnn_init
 .text.ux_layout_strings_prepro
                0xc0d04204       0x58 obj/ux_layout_utils.o
                0xc0d04204                ux_layout_strings_prepro
 .text.ux_menulist_button
                0xc0d0425c       0x70 obj/ux_menulist.o
                0xc0d0425c                ux_menulist_button
 .text.ux_menulist_refresh
                0xc0d042cc       0x44 obj/ux_menulist.o
                0xc0d042cc                ux_menulist_refresh
 .text.ux_menulist_init_select
                0xc0d04310       0x3c obj/ux_menulist.o
                0xc0d04310                ux_menulist_init_select
 .text.ux_menulist_init
                0xc0d0434c        0xa obj/ux_menulist.o
                0xc0d0434c                ux_menulist_init
 *fill*         0xc0d04356        0x2 00
 .text.ux_stack_push
                0xc0d04358       0x38 obj/ux_stack.o
                0xc0d04358                ux_stack_push
 .text.ux_stack_display
                0xc0d04390       0x4c obj/ux_stack.o
                0xc0d04390                ux_stack_display
 .text.ux_stack_init
                0xc0d043dc       0x28 obj/ux_stack.o
                0xc0d043dc                ux_stack_init
 .text.ux_stack_al_display_next_element
                0xc0d04404       0x94 obj/ux_stack.o
                0xc0d04404                ux_stack_al_display_next_element
 .text          0xc0d04498      0x114 /home/kevin/bolos/gcc-arm-none-eabi-5_3-2016q1/bin/../lib/gcc/arm-none-eabi/5.3.1/armv6-m/libgcc.a(_udivsi3.o)
                0xc0d04498                __udivsi3
                0xc0d04498                __aeabi_uidiv
                0xc0d045a4                __aeabi_uidivmod
 .text          0xc0d045ac        0x4 /home/kevin/bolos/gcc-arm-none-eabi-5_3-2016q1/bin/../lib/gcc/arm-none-eabi/5.3.1/armv6-m/libgcc.a(_dvmd_tls.o)
                0xc0d045ac                __aeabi_ldiv0
                0xc0d045ac                __aeabi_idiv0
 .text.__aeabi_memclr
                0xc0d045b0        0xc /home/kevin/bolos/gcc-arm-none-eabi-5_3-2016q1/bin/../lib/gcc/arm-none-eabi/5.3.1/../../../../arm-none-eabi/lib/armv6-m/libc.a(lib_a-aeabi_memclr.o)
                0xc0d045b0                __aeabi_memclr8
                0xc0d045b0                __aeabi_memclr
                0xc0d045b0                __aeabi_memclr4
 .text.__aeabi_memmove
                0xc0d045bc        0x8 /home/kevin/bolos/gcc-arm-none-eabi-5_3-2016q1/bin/../lib/gcc/arm-none-eabi/5.3.1/../../../../arm-none-eabi/lib/armv6-m/libc.a(lib_a-aeabi_memmove.o)
                0xc0d045bc                __aeabi_memmove8
                0xc0d045bc                __aeabi_memmove
                0xc0d045bc                __aeabi_memmove4
 .text.__aeabi_memset
                0xc0d045c4       0x10 /home/kevin/bolos/gcc-arm-none-eabi-5_3-2016q1/bin/../lib/gcc/arm-none-eabi/5.3.1/../../../../arm-none-eabi/lib/armv6-m/libc.a(lib_a-aeabi_memset.o)
                0xc0d045c4                __aeabi_memset
                0xc0d045c4                __aeabi_memset8
                0xc0d045c4                __aeabi_memset4
 .text.memmove  0xc0d045d4       0x98 /home/kevin/bolos/gcc-arm-none-eabi-5_3-2016q1/bin/../lib/gcc/arm-none-eabi/5.3.1/../../../../arm-none-eabi/lib/armv6-m/libc.a(lib_a-memmove.o)
                0xc0d045d4                memmove
 .text.memset   0xc0d0466c       0x8c /home/kevin/bolos/gcc-arm-none-eabi-5_3-2016q1/bin/../lib/gcc/arm-none-eabi/5.3.1/../../../../arm-none-eabi/lib/armv6-m/libc.a(lib_a-memset.o)
                0xc0d0466c                memset
 .text          0xc0d046f8       0x34 /home/kevin/bolos/gcc-arm-none-eabi-5_3-2016q1/bin/../lib/gcc/arm-none-eabi/5.3.1/../../../../arm-none-eabi/lib/armv6-m/libc.a(lib_a-setjmp.o)
                0xc0d046f8                setjmp
                0xc0d04710                longjmp
 .text.strlen   0xc0d0472c       0x68 /home/kevin/bolos/gcc-arm-none-eabi-5_3-2016q1/bin/../lib/gcc/arm-none-eabi/5.3.1/../../../../arm-none-eabi/lib/armv6-m/libc.a(lib_a-strlen-stub.o)
                0xc0d0472c                strlen
 *(.rodata)
 *(.rodata.[^N]*)
 .rodata.str1.1
                0xc0d04794       0x17 obj/getAddress.o
 *fill*         0xc0d047ab        0x1 00
 .rodata.ux_display_public_flow_5_step_val
                0xc0d047ac        0x8 obj/getAddress.o
                0xc0d047ac                ux_display_public_flow_5_step_val
 .rodata.ux_display_public_flow_5_step
                0xc0d047b4       0x10 obj/getAddress.o
                0xc0d047b4                ux_display_public_flow_5_step
 .rodata.ux_display_public_flow_6_step_validate_step
                0xc0d047c4       0x10 obj/getAddress.o
                0xc0d047c4                ux_display_public_flow_6_step_validate_step
 .rodata.ux_display_public_flow_6_step_validate
                0xc0d047d4        0x8 obj/getAddress.o
                0xc0d047d4                ux_display_public_flow_6_step_validate
 .rodata.ux_display_public_flow_6_step_val
                0xc0d047dc        0x8 obj/getAddress.o
                0xc0d047dc                ux_display_public_flow_6_step_val
 .rodata.ux_display_public_flow_6_step
                0xc0d047e4       0x10 obj/getAddress.o
                0xc0d047e4                ux_display_public_flow_6_step
 .rodata.ux_display_public_flow_7_step_validate_step
                0xc0d047f4       0x10 obj/getAddress.o
                0xc0d047f4                ux_display_public_flow_7_step_validate_step
 .rodata.ux_display_public_flow_7_step_validate
                0xc0d04804        0x8 obj/getAddress.o
                0xc0d04804                ux_display_public_flow_7_step_validate
 .rodata.ux_display_public_flow_7_step_val
                0xc0d0480c        0x8 obj/getAddress.o
                0xc0d0480c                ux_display_public_flow_7_step_val
 .rodata.ux_display_public_flow_7_step
                0xc0d04814       0x10 obj/getAddress.o
                0xc0d04814                ux_display_public_flow_7_step
 .rodata.ux_display_public_flow
                0xc0d04824       0x10 obj/getAddress.o
                0xc0d04824                ux_display_public_flow
 .rodata.C_oneLedger_logo_colors
                0xc0d04834        0x8 obj/glyphs.o
                0xc0d04834                C_oneLedger_logo_colors
 .rodata.C_oneLedger_logo_bitmap
                0xc0d0483c       0x20 obj/glyphs.o
                0xc0d0483c                C_oneLedger_logo_bitmap
 .rodata.C_oneLedger_logo
                0xc0d0485c       0x14 obj/glyphs.o
                0xc0d0485c                C_oneLedger_logo
 .rodata.C_icon_coggle_colors
                0xc0d04870        0x8 obj/glyphs.o
                0xc0d04870                C_icon_coggle_colors
 .rodata.C_icon_coggle_bitmap
                0xc0d04878       0x19 obj/glyphs.o
                0xc0d04878                C_icon_coggle_bitmap
 *fill*         0xc0d04891        0x3 00
 .rodata.C_icon_coggle
                0xc0d04894       0x14 obj/glyphs.o
                0xc0d04894                C_icon_coggle
 .rodata.C_icon_crossmark_colors
                0xc0d048a8        0x8 obj/glyphs.o
                0xc0d048a8                C_icon_crossmark_colors
 .rodata.C_icon_crossmark_bitmap
                0xc0d048b0       0x19 obj/glyphs.o
                0xc0d048b0                C_icon_crossmark_bitmap
 *fill*         0xc0d048c9        0x3 00
 .rodata.C_icon_crossmark
                0xc0d048cc       0x14 obj/glyphs.o
                0xc0d048cc                C_icon_crossmark
 .rodata.C_icon_dashboard_x_colors
                0xc0d048e0        0x8 obj/glyphs.o
                0xc0d048e0                C_icon_dashboard_x_colors
 .rodata.C_icon_dashboard_x_bitmap
                0xc0d048e8       0x19 obj/glyphs.o
                0xc0d048e8                C_icon_dashboard_x_bitmap
 *fill*         0xc0d04901        0x3 00
 .rodata.C_icon_dashboard_x
                0xc0d04904       0x14 obj/glyphs.o
                0xc0d04904                C_icon_dashboard_x
 .rodata.C_icon_down_colors
                0xc0d04918        0x8 obj/glyphs.o
                0xc0d04918                C_icon_down_colors
 .rodata.C_icon_down_bitmap
                0xc0d04920        0x4 obj/glyphs.o
                0xc0d04920                C_icon_down_bitmap
 .rodata.C_icon_down
                0xc0d04924       0x14 obj/glyphs.o
                0xc0d04924                C_icon_down
 .rodata.C_icon_left_colors
                0xc0d04938        0x8 obj/glyphs.o
                0xc0d04938                C_icon_left_colors
 .rodata.C_icon_left_bitmap
                0xc0d04940        0x4 obj/glyphs.o
                0xc0d04940                C_icon_left_bitmap
 .rodata.C_icon_left
                0xc0d04944       0x14 obj/glyphs.o
                0xc0d04944                C_icon_left
 .rodata.C_icon_right_colors
                0xc0d04958        0x8 obj/glyphs.o
                0xc0d04958                C_icon_right_colors
 .rodata.C_icon_right_bitmap
                0xc0d04960        0x4 obj/glyphs.o
                0xc0d04960                C_icon_right_bitmap
 .rodata.C_icon_right
                0xc0d04964       0x14 obj/glyphs.o
                0xc0d04964                C_icon_right
 .rodata.C_icon_up_colors
                0xc0d04978        0x8 obj/glyphs.o
                0xc0d04978                C_icon_up_colors
 .rodata.C_icon_up_bitmap
                0xc0d04980        0x4 obj/glyphs.o
                0xc0d04980                C_icon_up_bitmap
 .rodata.C_icon_up
                0xc0d04984       0x14 obj/glyphs.o
                0xc0d04984                C_icon_up
 .rodata.C_icon_validate_14_colors
                0xc0d04998        0x8 obj/glyphs.o
                0xc0d04998                C_icon_validate_14_colors
 .rodata.C_icon_validate_14_bitmap
                0xc0d049a0       0x19 obj/glyphs.o
                0xc0d049a0                C_icon_validate_14_bitmap
 *fill*         0xc0d049b9        0x3 00
 .rodata.C_icon_validate_14
                0xc0d049bc       0x14 obj/glyphs.o
                0xc0d049bc                C_icon_validate_14
 .rodata.str1.1
                0xc0d049d0       0x3b obj/menu.o
 *fill*         0xc0d04a0b        0x1 00
 .rodata.ux_idle_flow_1_step_val
                0xc0d04a0c        0xc obj/menu.o
                0xc0d04a0c                ux_idle_flow_1_step_val
 .rodata.ux_idle_flow_1_step
                0xc0d04a18       0x10 obj/menu.o
                0xc0d04a18                ux_idle_flow_1_step
 .rodata.ux_idle_flow_2_step_validate_step
                0xc0d04a28       0x10 obj/menu.o
                0xc0d04a28                ux_idle_flow_2_step_validate_step
 .rodata.ux_idle_flow_2_step_validate
                0xc0d04a38        0x8 obj/menu.o
                0xc0d04a38                ux_idle_flow_2_step_validate
 .rodata.ux_idle_flow_2_step_val
                0xc0d04a40        0x8 obj/menu.o
                0xc0d04a40                ux_idle_flow_2_step_val
 .rodata.ux_idle_flow_2_step
                0xc0d04a48       0x10 obj/menu.o
                0xc0d04a48                ux_idle_flow_2_step
 .rodata.ux_idle_flow_3_step_val
                0xc0d04a58        0x8 obj/menu.o
                0xc0d04a58                ux_idle_flow_3_step_val
 .rodata.ux_idle_flow_3_step
                0xc0d04a60       0x10 obj/menu.o
                0xc0d04a60                ux_idle_flow_3_step
 .rodata.ux_idle_flow_4_step_validate_step
                0xc0d04a70       0x10 obj/menu.o
                0xc0d04a70                ux_idle_flow_4_step_validate_step
 .rodata.ux_idle_flow_4_step_validate
                0xc0d04a80        0x8 obj/menu.o
                0xc0d04a80                ux_idle_flow_4_step_validate
 .rodata.ux_idle_flow_4_step_val
                0xc0d04a88        0x8 obj/menu.o
                0xc0d04a88                ux_idle_flow_4_step_val
 .rodata.ux_idle_flow_4_step
                0xc0d04a90       0x10 obj/menu.o
                0xc0d04a90                ux_idle_flow_4_step
 .rodata.ux_idle_flow
                0xc0d04aa0       0x18 obj/menu.o
                0xc0d04aa0                ux_idle_flow
 .rodata..L.str
                0xc0d04ab8        0x5 obj/os_io_seproxyhal.o
 .rodata..L.str.1
                0xc0d04abd        0x5 obj/os_io_seproxyhal.o
 .rodata..L.str.2
                0xc0d04ac2        0x5 obj/os_io_seproxyhal.o
 .rodata.cst16  0xc0d04ac7       0x20 obj/os_printf.o
 .rodata.str1.1
                0xc0d04ae7       0x41 obj/signRawTx.o
                                 0x50 (size before relaxing)
 .rodata.ux_display_sign_flow_1_step_val
                0xc0d04b28        0x8 obj/signRawTx.o
                0xc0d04b28                ux_display_sign_flow_1_step_val
 .rodata.ux_display_sign_flow_1_step
                0xc0d04b30       0x10 obj/signRawTx.o
                0xc0d04b30                ux_display_sign_flow_1_step
 .rodata.ux_display_sign_amount_step_val
                0xc0d04b40        0x8 obj/signRawTx.o
                0xc0d04b40                ux_display_sign_amount_step_val
 .rodata.ux_display_sign_amount_step
                0xc0d04b48       0x10 obj/signRawTx.o
                0xc0d04b48                ux_display_sign_amount_step
 .rodata.ux_display_sign_recipient_step_val
                0xc0d04b58        0x8 obj/signRawTx.o
                0xc0d04b58                ux_display_sign_recipient_step_val
 .rodata.ux_display_sign_recipient_step
                0xc0d04b60       0x10 obj/signRawTx.o
                0xc0d04b60                ux_display_sign_recipient_step
 .rodata.ux_display_sign_fee_step_val
                0xc0d04b70        0x8 obj/signRawTx.o
                0xc0d04b70                ux_display_sign_fee_step_val
 .rodata.ux_display_sign_fee_step
                0xc0d04b78       0x10 obj/signRawTx.o
                0xc0d04b78                ux_display_sign_fee_step
 .rodata.ux_display_sign_flow_2_step_validate_step
                0xc0d04b88       0x10 obj/signRawTx.o
                0xc0d04b88                ux_display_sign_flow_2_step_validate_step
 .rodata.ux_display_sign_flow_2_step_validate
                0xc0d04b98        0x8 obj/signRawTx.o
                0xc0d04b98                ux_display_sign_flow_2_step_validate
 .rodata.ux_display_sign_flow_2_step_val
                0xc0d04ba0        0x8 obj/signRawTx.o
                0xc0d04ba0                ux_display_sign_flow_2_step_val
 .rodata.ux_display_sign_flow_2_step
                0xc0d04ba8       0x10 obj/signRawTx.o
                0xc0d04ba8                ux_display_sign_flow_2_step
 .rodata.ux_display_sign_flow_3_step_validate_step
                0xc0d04bb8       0x10 obj/signRawTx.o
                0xc0d04bb8                ux_display_sign_flow_3_step_validate_step
 .rodata.ux_display_sign_flow_3_step_validate
                0xc0d04bc8        0x8 obj/signRawTx.o
                0xc0d04bc8                ux_display_sign_flow_3_step_validate
 .rodata.ux_display_sign_flow_3_step_val
                0xc0d04bd0        0x8 obj/signRawTx.o
                0xc0d04bd0                ux_display_sign_flow_3_step_val
 .rodata.ux_display_sign_flow_3_step
                0xc0d04bd8       0x10 obj/signRawTx.o
                0xc0d04bd8                ux_display_sign_flow_3_step
 .rodata.ux_display_sign_flow
                0xc0d04be8       0x10 obj/signRawTx.o
                0xc0d04be8                ux_display_sign_flow
 .rodata.ux_display_send_flow
                0xc0d04bf8       0x1c obj/signRawTx.o
                0xc0d04bf8                ux_display_send_flow
 .rodata.SW_INTERNAL
                0xc0d04c14        0x2 obj/u2f_impl.o
 .rodata.SW_BUSY
                0xc0d04c16        0x2 obj/u2f_impl.o
 .rodata.SW_WRONG_LENGTH
                0xc0d04c18        0x2 obj/u2f_impl.o
 .rodata.SW_PROOF_OF_PRESENCE_REQUIRED
                0xc0d04c1a        0x2 obj/u2f_impl.o
 .rodata..L.str
                0xc0d04c1c        0x6 obj/u2f_impl.o
 .rodata.str1.1
                0xc0d04c22        0x5 obj/u2f_impl.o
 .rodata..L.str.2
                0xc0d04c27        0x5 obj/u2f_impl.o
 .rodata.SW_BAD_KEY_HANDLE
                0xc0d04c2c        0x2 obj/u2f_impl.o
 .rodata.U2F_VERSION
                0xc0d04c2e        0x8 obj/u2f_impl.o
 .rodata.INFO   0xc0d04c36        0x4 obj/u2f_impl.o
 .rodata.SW_UNKNOWN_CLASS
                0xc0d04c3a        0x2 obj/u2f_impl.o
 .rodata.SW_UNKNOWN_INSTRUCTION
                0xc0d04c3c        0x2 obj/u2f_impl.o
 .rodata.BROADCAST_CHANNEL
                0xc0d04c3e        0x4 obj/u2f_transport.o
 .rodata.FORBIDDEN_CHANNEL
                0xc0d04c42        0x4 obj/u2f_transport.o
 *fill*         0xc0d04c46        0x2 00
 .rodata.USBD_HID_Desc_fido
                0xc0d04c48        0x9 obj/usbd_impl.o
                0xc0d04c48                USBD_HID_Desc_fido
 *fill*         0xc0d04c51        0x3 00
 .rodata.USBD_HID_Desc
                0xc0d04c54        0x9 obj/usbd_impl.o
                0xc0d04c54                USBD_HID_Desc
 .rodata.HID_ReportDesc_fido
                0xc0d04c5d       0x22 obj/usbd_impl.o
 .rodata.HID_ReportDesc
                0xc0d04c7f       0x22 obj/usbd_impl.o
 .rodata.C_webusb_url_descriptor
                0xc0d04ca1       0x17 obj/usbd_impl.o
                0xc0d04ca1                C_webusb_url_descriptor
 .rodata.C_usb_bos
                0xc0d04cb8       0x39 obj/usbd_impl.o
                0xc0d04cb8                C_usb_bos
 *fill*         0xc0d04cf1        0x3 00
 .rodata.HID_Desc
                0xc0d04cf4       0x20 obj/usbd_impl.o
                0xc0d04cf4                HID_Desc
 .rodata.C_winusb_string_descriptor
                0xc0d04d14       0x12 obj/usbd_impl.o
 .rodata.C_winusb_guid
                0xc0d04d26       0x92 obj/usbd_impl.o
 .rodata.C_winusb_request_descriptor
                0xc0d04db8       0xb2 obj/usbd_impl.o
 *fill*         0xc0d04e6a        0x2 00
 .rodata.USBD_HID
                0xc0d04e6c       0x38 obj/usbd_impl.o
 .rodata.USBD_U2F
                0xc0d04ea4       0x38 obj/usbd_impl.o
 .rodata.USBD_WEBUSB
                0xc0d04edc       0x38 obj/usbd_impl.o
 .rodata.USBD_DeviceDesc
                0xc0d04f14       0x12 obj/usbd_impl.o
 .rodata.USBD_LangIDDesc
                0xc0d04f26        0x4 obj/usbd_impl.o
 .rodata.USBD_MANUFACTURER_STRING
                0xc0d04f2a        0xe obj/usbd_impl.o
 .rodata.USBD_PRODUCT_FS_STRING
                0xc0d04f38        0xe obj/usbd_impl.o
 .rodata.USB_SERIAL_STRING
                0xc0d04f46        0xa obj/usbd_impl.o
 .rodata.C_winusb_wcid
                0xc0d04f50       0x28 obj/usbd_impl.o
 .rodata.USBD_CfgDesc
                0xc0d04f78       0x60 obj/usbd_impl.o
 .rodata.USBD_DeviceQualifierDesc
                0xc0d04fd8        0xa obj/usbd_impl.o
 .rodata.str1.1
                0xc0d04fe2       0x11 obj/utils.o
 *fill*         0xc0d04ff3        0x1 00
 .rodata.derivePath
                0xc0d04ff4       0x14 obj/utils.o
 .rodata.ux_layout_bb_elements
                0xc0d05008       0xa0 obj/ux_layout_bb.o
                0xc0d05008                ux_layout_bb_elements
 .rodata.ux_layout_nnbnn_elements
                0xc0d050a8       0xc0 obj/ux_layout_nnbnn.o
                0xc0d050a8                ux_layout_nnbnn_elements
 .rodata.str1.1
                0xc0d05168       0x19 obj/ux_layout_paging.o
 *fill*         0xc0d05181        0x3 00
 .rodata.ux_layout_pb_elements
                0xc0d05184       0xa0 obj/ux_layout_pb.o
                0xc0d05184                ux_layout_pb_elements
 .rodata.ux_layout_pbb_elements
                0xc0d05224       0xc0 obj/ux_layout_pbb.o
                0xc0d05224                ux_layout_pbb_elements
 .rodata.ux_menulist_conststep
                0xc0d052e4       0x10 obj/ux_menulist.o
                0xc0d052e4                ux_menulist_conststep
 .rodata.ux_menulist_constflow
                0xc0d052f4        0x8 obj/ux_menulist.o
                0xc0d052f4                ux_menulist_constflow
 *(.rodata.N[^_]*)
                0xc0d052fc                . = ALIGN (0x4)
                0xc0d052fc                _etext = .
                0xc0d05300                . = ALIGN (PAGE_SIZE)
 *fill*         0xc0d052fc        0x4 00
                0xc0d05300                _nvram_data = .
 *(.bss.N_* .rodata.N_*)
 .rodata.N_storage_real
                0xc0d05300        0x3 obj/globals.o
                0xc0d05300                N_storage_real
                0xc0d05340                . = ALIGN (PAGE_SIZE)
 *fill*         0xc0d05303       0x3d 00
                0xc0d05340                _envram_data = .
                0xc0d05340                _install_parameters = .
                0xc0d05340                _envram = .

.glue_7         0xc0d05340        0x0
 .glue_7        0xc0d05340        0x0 linker stubs

.glue_7t        0xc0d05340        0x0
 .glue_7t       0xc0d05340        0x0 linker stubs

.vfp11_veneer   0xc0d05340        0x0
 .vfp11_veneer  0xc0d05340        0x0 linker stubs

.v4_bx          0xc0d05340        0x0
 .v4_bx         0xc0d05340        0x0 linker stubs

.iplt           0xc0d05340        0x0
 .iplt          0xc0d05340        0x0 obj/cx.o

.data           0xd0000000        0x0
                0xd0000000                . = ALIGN (0x4)
                0xd0000000                _data = .
 *(vtable)
 *(.data*)
                0xd0000000                _edata = .

.igot.plt       0xd0000000        0x0
 .igot.plt      0xd0000000        0x0 obj/cx.o

.bss            0x20001800      0x8c4
                0x20001800                _bss = .
 *(.bss*)
 .bss.address_str
                0x20001800       0x28 obj/getAddress.o
 .bss.accountNum
                0x20001828        0x4 obj/getAddress.o
 .bss.public_key_str
                0x2000182c       0x40 obj/getAddress.o
 .bss.G_ux      0x2000186c      0x100 obj/globals.o
                0x2000186c                G_ux
 .bss.G_ux_params
                0x2000196c       0x98 obj/globals.o
                0x2000196c                G_ux_params
 .bss.ux_step   0x20001a04        0x4 obj/globals.o
                0x20001a04                ux_step
 .bss.ux_step_count
                0x20001a08        0x4 obj/globals.o
                0x20001a08                ux_step_count
 .bss.G_io_seproxyhal_spi_buffer
                0x20001a0c       0x80 obj/main.o
                0x20001a0c                G_io_seproxyhal_spi_buffer
 .bss.dummy_setting_1
                0x20001a8c        0x1 obj/menu.o
                0x20001a8c                dummy_setting_1
 .bss.dummy_setting_2
                0x20001a8d        0x1 obj/menu.o
                0x20001a8d                dummy_setting_2
 .bss.G_io_apdu_buffer
                0x20001a8e      0x151 obj/os.o
                0x20001a8e                G_io_apdu_buffer
 *fill*         0x20001bdf        0x1 00
 .bss.G_io_app  0x20001be0       0x20 obj/os_io_seproxyhal.o
                0x20001be0                G_io_app
 .bss.G_ux_os   0x20001c00        0x8 obj/os_io_seproxyhal.o
                0x20001c00                G_ux_os
 .bss.G_io_u2f  0x20001c08       0x44 obj/os_io_seproxyhal.o
                0x20001c08                G_io_u2f
 .bss.G_io_usb_ep_buffer
                0x20001c4c       0x40 obj/os_io_seproxyhal.o
                0x20001c4c                G_io_usb_ep_buffer
 .bss.G_io_usb_hid_sequence_number
                0x20001c8c        0x4 obj/os_io_usb.o
                0x20001c8c                G_io_usb_hid_sequence_number
 .bss.G_io_usb_hid_total_length
                0x20001c90        0x4 obj/os_io_usb.o
                0x20001c90                G_io_usb_hid_total_length
 .bss.G_io_usb_hid_remaining_length
                0x20001c94        0x4 obj/os_io_usb.o
                0x20001c94                G_io_usb_hid_remaining_length
 .bss.G_io_usb_hid_current_buffer
                0x20001c98        0x4 obj/os_io_usb.o
                0x20001c98                G_io_usb_hid_current_buffer
 .bss.G_io_usb_hid_channel
                0x20001c9c        0x4 obj/os_io_usb.o
                0x20001c9c                G_io_usb_hid_channel
 .bss.sendCtx   0x20001ca0       0x80 obj/signRawTx.o
 .bss.signature
                0x20001d20       0x72 obj/signRawTx.o
 .bss.sizeOfSignature
                0x20001d92        0x1 obj/signRawTx.o
 *fill*         0x20001d93        0x1 00
 .bss.signCtx.0
                0x20001d94        0x4 obj/signRawTx.o
 .bss.signCtx.1
                0x20001d98        0x1 obj/signRawTx.o
 *fill*         0x20001d99        0x3 00
 .bss.signCtx.2
                0x20001d9c        0x4 obj/signRawTx.o
 .bss.signCtx.3
                0x20001da0        0x1 obj/signRawTx.o
 *fill*         0x20001da1        0x3 00
 .bss.ep_in_stall
                0x20001da4        0x4 obj/usbd_conf.o
                0x20001da4                ep_in_stall
 .bss.ep_out_stall
                0x20001da8        0x4 obj/usbd_conf.o
                0x20001da8                ep_out_stall
 .bss.USBD_Device
                0x20001dac      0x114 obj/usbd_core.o
                0x20001dac                USBD_Device
                0x20001ec0                _ebss = .
                0x20001ec0                . = ALIGN (0x4)
                0x20001ec0                app_stack_canary = .
                [!provide]                PROVIDE (app_stack_canary, .)
                0x20001ec4                . = (. + 0x4)
 *fill*         0x20001ec0        0x4 00
                0x20001ec4                _stack_validation = .
                0x200020c4                . = (_stack_validation + STACK_SIZE)
 *fill*         0x20001ec4      0x200 00
                0x20002600                _stack = (ABSOLUTE (END_STACK) - STACK_SIZE)
                [!provide]                PROVIDE (_stack, (ABSOLUTE (END_STACK) - STACK_SIZE))
                0x20002800                _estack = ABSOLUTE (END_STACK)
                [!provide]                PROVIDE (_estack, ABSOLUTE (END_STACK))

DEBUG           0xd0000000        0x8
 libc.a(*)
 libm.a(*)
 libgcc.a(*)
 *(.ARM.exidx* .gnu.linkonce.armexidx.*)
 .ARM.exidx.text.ux_display_public_flow_6_step_validateinit
                0xd0000000        0x0 obj/getAddress.o
                                  0x8 (size before relaxing)
 .ARM.exidx.text.ux_display_public_flow_7_step_validateinit
                0xd0000000        0x0 obj/getAddress.o
                                  0x8 (size before relaxing)
 .ARM.exidx.text.parseGetAddressData
                0xd0000000        0x0 obj/getAddress.o
                                  0x8 (size before relaxing)
 .ARM.exidx.text.handleGetAddress
                0xd0000000        0x0 obj/getAddress.o
                                  0x8 (size before relaxing)
 .ARM.exidx.text.set_result_get_address
                0xd0000000        0x0 obj/getAddress.o
                                  0x8 (size before relaxing)
 .ARM.exidx.text.handleApdu
                0xd0000000        0x0 obj/main.o
                                  0x8 (size before relaxing)
 .ARM.exidx.text.app_main
                0xd0000000        0x0 obj/main.o
                                  0x8 (size before relaxing)
 .ARM.exidx.text.io_seproxyhal_display
                0xd0000000        0x0 obj/main.o
                                  0x8 (size before relaxing)
 .ARM.exidx.text.io_event
                0xd0000000        0x0 obj/main.o
                                  0x8 (size before relaxing)
 .ARM.exidx.text.io_exchange_al
                0xd0000000        0x0 obj/main.o
                                  0x8 (size before relaxing)
 .ARM.exidx.text.app_exit
                0xd0000000        0x0 obj/main.o
                                  0x8 (size before relaxing)
 .ARM.exidx.text.nv_app_state_init
                0xd0000000        0x0 obj/main.o
                                  0x8 (size before relaxing)
 .ARM.exidx.boot
                0xd0000000        0x8 obj/main.o
 .ARM.exidx.text.ui_idle
                0xd0000008        0x0 obj/menu.o
                                  0x8 (size before relaxing)
 .ARM.exidx.text.settings_submenu_getter
                0xd0000008        0x0 obj/menu.o
                                  0x8 (size before relaxing)
 .ARM.exidx.text.settings_submenu_selector
                0xd0000008        0x0 obj/menu.o
                                  0x8 (size before relaxing)
 .ARM.exidx.text.ux_idle_flow_2_step_validateinit
                0xd0000008        0x0 obj/menu.o
                                  0x8 (size before relaxing)
 .ARM.exidx.text.ux_idle_flow_4_step_validateinit
                0xd0000008        0x0 obj/menu.o
                                  0x8 (size before relaxing)
 .ARM.exidx.text.os_boot
                0xd0000008        0x0 obj/os.o
                                  0x8 (size before relaxing)
 .ARM.exidx.text.os_memmove
                0xd0000008        0x0 obj/os.o
                                  0x8 (size before relaxing)
 .ARM.exidx.text.os_memset
                0xd0000008        0x0 obj/os.o
                                  0x8 (size before relaxing)
 .ARM.exidx.text.os_memcmp
                0xd0000008        0x0 obj/os.o
                                  0x8 (size before relaxing)
 .ARM.exidx.text.os_longjmp
                0xd0000008        0x0 obj/os.o
                                  0x8 (size before relaxing)
 .ARM.exidx.text.io_seproxyhal_general_status
                0xd0000008        0x0 obj/os_io_seproxyhal.o
                                  0x8 (size before relaxing)
 .ARM.exidx.text.io_seproxyhal_handle_usb_event
                0xd0000008        0x0 obj/os_io_seproxyhal.o
                                  0x8 (size before relaxing)
 .ARM.exidx.text.io_seproxyhal_get_ep_rx_size
                0xd0000008        0x0 obj/os_io_seproxyhal.o
                                  0x8 (size before relaxing)
 .ARM.exidx.text.io_seproxyhal_handle_usb_ep_xfer_event
                0xd0000008        0x0 obj/os_io_seproxyhal.o
                                  0x8 (size before relaxing)
 .ARM.exidx.text.io_usb_send_ep
                0xd0000008        0x0 obj/os_io_seproxyhal.o
                                  0x8 (size before relaxing)
 .ARM.exidx.text.io_usb_send_apdu_data
                0xd0000008        0x0 obj/os_io_seproxyhal.o
                                  0x8 (size before relaxing)
 .ARM.exidx.text.io_usb_send_apdu_data_ep0x83
                0xd0000008        0x0 obj/os_io_seproxyhal.o
                                  0x8 (size before relaxing)
 .ARM.exidx.text.io_seproxyhal_handle_capdu_event
                0xd0000008        0x0 obj/os_io_seproxyhal.o
                                  0x8 (size before relaxing)
 .ARM.exidx.text.io_seproxyhal_handle_event
                0xd0000008        0x0 obj/os_io_seproxyhal.o
                                  0x8 (size before relaxing)
 .ARM.exidx.text.io_seproxyhal_init
                0xd0000008        0x0 obj/os_io_seproxyhal.o
                                  0x8 (size before relaxing)
 .ARM.exidx.text.io_seproxyhal_init_ux
                0xd0000008        0x0 obj/os_io_seproxyhal.o
                                  0x8 (size before relaxing)
 .ARM.exidx.text.io_seproxyhal_init_button
                0xd0000008        0x0 obj/os_io_seproxyhal.o
                                  0x8 (size before relaxing)
 .ARM.exidx.text.io_seproxyhal_display_icon
                0xd0000008        0x0 obj/os_io_seproxyhal.o
                                  0x8 (size before relaxing)
 .ARM.exidx.text.io_seproxyhal_display_default
                0xd0000008        0x0 obj/os_io_seproxyhal.o
                                  0x8 (size before relaxing)
 .ARM.exidx.text.io_seproxyhal_button_push
                0xd0000008        0x0 obj/os_io_seproxyhal.o
                                  0x8 (size before relaxing)
 .ARM.exidx.text.os_io_seproxyhal_get_app_name_and_version
                0xd0000008        0x0 obj/os_io_seproxyhal.o
                                  0x8 (size before relaxing)
 .ARM.exidx.text.io_exchange
                0xd0000008        0x0 obj/os_io_seproxyhal.o
                                  0x8 (size before relaxing)
 .ARM.exidx.text.os_io_seph_recv_and_process
                0xd0000008        0x0 obj/os_io_seproxyhal.o
                                  0x8 (size before relaxing)
 .ARM.exidx.text.io_usb_hid_receive
                0xd0000008        0x0 obj/os_io_usb.o
                                  0x8 (size before relaxing)
 .ARM.exidx.text.io_usb_hid_init
                0xd0000008        0x0 obj/os_io_usb.o
                                  0x8 (size before relaxing)
 .ARM.exidx.text.io_usb_hid_sent
                0xd0000008        0x0 obj/os_io_usb.o
                                  0x8 (size before relaxing)
 .ARM.exidx.text.io_usb_hid_send
                0xd0000008        0x0 obj/os_io_usb.o
                                  0x8 (size before relaxing)
 .ARM.exidx.text.snprintf
                0xd0000008        0x0 obj/os_printf.o
                                  0x8 (size before relaxing)
 .ARM.exidx.text.pic
                0xd0000008        0x0 obj/pic.o
                                  0x8 (size before relaxing)
 .ARM.exidx.text.pic_internal
                0xd0000008        0x0 obj/pic_internal.o
                                  0x8 (size before relaxing)
 .ARM.exidx.text.ux_display_sign_flow_2_step_validateinit
                0xd0000008        0x0 obj/signRawTx.o
                                  0x8 (size before relaxing)
 .ARM.exidx.text.ux_display_sign_flow_3_step_validateinit
                0xd0000008        0x0 obj/signRawTx.o
                                  0x8 (size before relaxing)
 .ARM.exidx.text.parseSignRawTxData
                0xd0000008        0x0 obj/signRawTx.o
                                  0x8 (size before relaxing)
 .ARM.exidx.text.handleSignRawTx
                0xd0000008        0x0 obj/signRawTx.o
                                  0x8 (size before relaxing)
 .ARM.exidx.text.SVC_Call
                0xd0000008        0x0 obj/syscalls.o
                                  0x8 (size before relaxing)
 .ARM.exidx.text.check_api_level
                0xd0000008        0x0 obj/syscalls.o
                                  0x8 (size before relaxing)
 .ARM.exidx.text.halt
                0xd0000008        0x0 obj/syscalls.o
                                  0x8 (size before relaxing)
 .ARM.exidx.text.nvm_write
                0xd0000008        0x0 obj/syscalls.o
                                  0x8 (size before relaxing)
 .ARM.exidx.text.cx_rng
                0xd0000008        0x0 obj/syscalls.o
                                  0x8 (size before relaxing)
 .ARM.exidx.text.cx_hash_sha256
                0xd0000008        0x0 obj/syscalls.o
                                  0x8 (size before relaxing)
 .ARM.exidx.text.cx_ecfp_init_private_key
                0xd0000008        0x0 obj/syscalls.o
                                  0x8 (size before relaxing)
 .ARM.exidx.text.cx_ecfp_generate_pair
                0xd0000008        0x0 obj/syscalls.o
                                  0x8 (size before relaxing)
 .ARM.exidx.text.cx_eddsa_sign
                0xd0000008        0x0 obj/syscalls.o
                                  0x8 (size before relaxing)
 .ARM.exidx.text.cx_crc16_update
                0xd0000008        0x0 obj/syscalls.o
                                  0x8 (size before relaxing)
 .ARM.exidx.text.os_perso_isonboarded
                0xd0000008        0x0 obj/syscalls.o
                                  0x8 (size before relaxing)
 .ARM.exidx.text.os_perso_derive_node_with_seed_key
                0xd0000008        0x0 obj/syscalls.o
                                  0x8 (size before relaxing)
 .ARM.exidx.text.os_perso_seed_cookie
                0xd0000008        0x0 obj/syscalls.o
                                  0x8 (size before relaxing)
 .ARM.exidx.text.os_global_pin_is_validated
                0xd0000008        0x0 obj/syscalls.o
                                  0x8 (size before relaxing)
 .ARM.exidx.text.os_ux
                0xd0000008        0x0 obj/syscalls.o
                                  0x8 (size before relaxing)
 .ARM.exidx.text.os_flags
                0xd0000008        0x0 obj/syscalls.o
                                  0x8 (size before relaxing)
 .ARM.exidx.text.os_registry_get_current_app_tag
                0xd0000008        0x0 obj/syscalls.o
                                  0x8 (size before relaxing)
 .ARM.exidx.text.os_sched_exit
                0xd0000008        0x0 obj/syscalls.o
                                  0x8 (size before relaxing)
 .ARM.exidx.text.io_seph_send
                0xd0000008        0x0 obj/syscalls.o
                                  0x8 (size before relaxing)
 .ARM.exidx.text.io_seph_is_status_sent
                0xd0000008        0x0 obj/syscalls.o
                                  0x8 (size before relaxing)
 .ARM.exidx.text.io_seph_recv
                0xd0000008        0x0 obj/syscalls.o
                                  0x8 (size before relaxing)
 .ARM.exidx.text.try_context_get
                0xd0000008        0x0 obj/syscalls.o
                                  0x8 (size before relaxing)
 .ARM.exidx.text.try_context_set
                0xd0000008        0x0 obj/syscalls.o
                                  0x8 (size before relaxing)
 .ARM.exidx.text.os_sched_last_status
                0xd0000008        0x0 obj/syscalls.o
                                  0x8 (size before relaxing)
 .ARM.exidx.text.u2f_apdu_sign
                0xd0000008        0x0 obj/u2f_impl.o
                                  0x8 (size before relaxing)
 .ARM.exidx.text.u2f_handle_cmd_init
                0xd0000008        0x0 obj/u2f_impl.o
                                  0x8 (size before relaxing)
 .ARM.exidx.text.u2f_handle_cmd_msg
                0xd0000008        0x0 obj/u2f_impl.o
                                  0x8 (size before relaxing)
 .ARM.exidx.text.u2f_message_complete
                0xd0000008        0x0 obj/u2f_impl.o
                                  0x8 (size before relaxing)
 .ARM.exidx.text.u2f_io_send
                0xd0000008        0x0 obj/u2f_io.o
                                  0x8 (size before relaxing)
 .ARM.exidx.text.u2f_transport_init
                0xd0000008        0x0 obj/u2f_transport.o
                                  0x8 (size before relaxing)
 .ARM.exidx.text.u2f_transport_sent
                0xd0000008        0x0 obj/u2f_transport.o
                                  0x8 (size before relaxing)
 .ARM.exidx.text.u2f_message_repliable
                0xd0000008        0x0 obj/u2f_transport.o
                                  0x8 (size before relaxing)
 .ARM.exidx.text.u2f_transport_send_usb_user_presence_required
                0xd0000008        0x0 obj/u2f_transport.o
                                  0x8 (size before relaxing)
 .ARM.exidx.text.u2f_transport_send_wink
                0xd0000008        0x0 obj/u2f_transport.o
                                  0x8 (size before relaxing)
 .ARM.exidx.text.u2f_transport_receive_fakeChannel
                0xd0000008        0x0 obj/u2f_transport.o
                                  0x8 (size before relaxing)
 .ARM.exidx.text.u2f_transport_received
                0xd0000008        0x0 obj/u2f_transport.o
                                  0x8 (size before relaxing)
 .ARM.exidx.text.u2f_is_channel_broadcast
                0xd0000008        0x0 obj/u2f_transport.o
                                  0x8 (size before relaxing)
 .ARM.exidx.text.u2f_message_set_autoreply_wait_user_presence
                0xd0000008        0x0 obj/u2f_transport.o
                                  0x8 (size before relaxing)
 .ARM.exidx.text.u2f_message_reply
                0xd0000008        0x0 obj/u2f_transport.o
                                  0x8 (size before relaxing)
 .ARM.exidx.text.USBD_LL_Init
                0xd0000008        0x0 obj/usbd_conf.o
                                  0x8 (size before relaxing)
 .ARM.exidx.text.USBD_LL_DeInit
                0xd0000008        0x0 obj/usbd_conf.o
                                  0x8 (size before relaxing)
 .ARM.exidx.text.USBD_LL_Start
                0xd0000008        0x0 obj/usbd_conf.o
                                  0x8 (size before relaxing)
 .ARM.exidx.text.USBD_LL_Stop
                0xd0000008        0x0 obj/usbd_conf.o
                                  0x8 (size before relaxing)
 .ARM.exidx.text.USBD_LL_OpenEP
                0xd0000008        0x0 obj/usbd_conf.o
                                  0x8 (size before relaxing)
 .ARM.exidx.text.USBD_LL_CloseEP
                0xd0000008        0x0 obj/usbd_conf.o
                                  0x8 (size before relaxing)
 .ARM.exidx.text.USBD_LL_StallEP
                0xd0000008        0x0 obj/usbd_conf.o
                                  0x8 (size before relaxing)
 .ARM.exidx.text.USBD_LL_ClearStallEP
                0xd0000008        0x0 obj/usbd_conf.o
                                  0x8 (size before relaxing)
 .ARM.exidx.text.USBD_LL_IsStallEP
                0xd0000008        0x0 obj/usbd_conf.o
                                  0x8 (size before relaxing)
 .ARM.exidx.text.USBD_LL_SetUSBAddress
                0xd0000008        0x0 obj/usbd_conf.o
                                  0x8 (size before relaxing)
 .ARM.exidx.text.USBD_LL_Transmit
                0xd0000008        0x0 obj/usbd_conf.o
                                  0x8 (size before relaxing)
 .ARM.exidx.text.USBD_LL_PrepareReceive
                0xd0000008        0x0 obj/usbd_conf.o
                                  0x8 (size before relaxing)
 .ARM.exidx.text.USBD_Init
                0xd0000008        0x0 obj/usbd_core.o
                                  0x8 (size before relaxing)
 .ARM.exidx.text.USBD_DeInit
                0xd0000008        0x0 obj/usbd_core.o
                                  0x8 (size before relaxing)
 .ARM.exidx.text.USBD_RegisterClassForInterface
                0xd0000008        0x0 obj/usbd_core.o
                                  0x8 (size before relaxing)
 .ARM.exidx.text.USBD_Start
                0xd0000008        0x0 obj/usbd_core.o
                                  0x8 (size before relaxing)
 .ARM.exidx.text.USBD_SetClassConfig
                0xd0000008        0x0 obj/usbd_core.o
                                  0x8 (size before relaxing)
 .ARM.exidx.text.USBD_ClrClassConfig
                0xd0000008        0x0 obj/usbd_core.o
                                  0x8 (size before relaxing)
 .ARM.exidx.text.USBD_LL_SetupStage
                0xd0000008        0x0 obj/usbd_core.o
                                  0x8 (size before relaxing)
 .ARM.exidx.text.USBD_LL_DataOutStage
                0xd0000008        0x0 obj/usbd_core.o
                                  0x8 (size before relaxing)
 .ARM.exidx.text.USBD_LL_DataInStage
                0xd0000008        0x0 obj/usbd_core.o
                                  0x8 (size before relaxing)
 .ARM.exidx.text.USBD_LL_Reset
                0xd0000008        0x0 obj/usbd_core.o
                                  0x8 (size before relaxing)
 .ARM.exidx.text.USBD_LL_SetSpeed
                0xd0000008        0x0 obj/usbd_core.o
                                  0x8 (size before relaxing)
 .ARM.exidx.text.USBD_LL_Suspend
                0xd0000008        0x0 obj/usbd_core.o
                                  0x8 (size before relaxing)
 .ARM.exidx.text.USBD_LL_Resume
                0xd0000008        0x0 obj/usbd_core.o
                                  0x8 (size before relaxing)
 .ARM.exidx.text.USBD_LL_SOF
                0xd0000008        0x0 obj/usbd_core.o
                                  0x8 (size before relaxing)
 .ARM.exidx.text.usbd_is_valid_intf
                0xd0000008        0x0 obj/usbd_ctlreq.o
                                  0x8 (size before relaxing)
 .ARM.exidx.text.USBD_StdDevReq
                0xd0000008        0x0 obj/usbd_ctlreq.o
                                  0x8 (size before relaxing)
 .ARM.exidx.text.USBD_GetDescriptor
                0xd0000008        0x0 obj/usbd_ctlreq.o
                                  0x8 (size before relaxing)
 .ARM.exidx.text.USBD_SetAddress
                0xd0000008        0x0 obj/usbd_ctlreq.o
                                  0x8 (size before relaxing)
 .ARM.exidx.text.USBD_SetConfig
                0xd0000008        0x0 obj/usbd_ctlreq.o
                                  0x8 (size before relaxing)
 .ARM.exidx.text.USBD_GetConfig
                0xd0000008        0x0 obj/usbd_ctlreq.o
                                  0x8 (size before relaxing)
 .ARM.exidx.text.USBD_GetStatus
                0xd0000008        0x0 obj/usbd_ctlreq.o
                                  0x8 (size before relaxing)
 .ARM.exidx.text.USBD_SetFeature
                0xd0000008        0x0 obj/usbd_ctlreq.o
                                  0x8 (size before relaxing)
 .ARM.exidx.text.USBD_ClrFeature
                0xd0000008        0x0 obj/usbd_ctlreq.o
                                  0x8 (size before relaxing)
 .ARM.exidx.text.USBD_StdItfReq
                0xd0000008        0x0 obj/usbd_ctlreq.o
                                  0x8 (size before relaxing)
 .ARM.exidx.text.USBD_StdEPReq
                0xd0000008        0x0 obj/usbd_ctlreq.o
                                  0x8 (size before relaxing)
 .ARM.exidx.text.USBD_ParseSetupRequest
                0xd0000008        0x0 obj/usbd_ctlreq.o
                                  0x8 (size before relaxing)
 .ARM.exidx.text.USBD_CtlStall
                0xd0000008        0x0 obj/usbd_ctlreq.o
                                  0x8 (size before relaxing)
 .ARM.exidx.text.USBD_HID_Setup
                0xd0000008        0x0 obj/usbd_hid.o
                                  0x8 (size before relaxing)
 .ARM.exidx.text.USBD_HID_Init
                0xd0000008        0x0 obj/usbd_hid.o
                                  0x8 (size before relaxing)
 .ARM.exidx.text.USBD_HID_DeInit
                0xd0000008        0x0 obj/usbd_hid.o
                                  0x8 (size before relaxing)
 .ARM.exidx.text.USBD_HID_GetHidDescriptor_impl
                0xd0000008        0x0 obj/usbd_impl.o
                                  0x8 (size before relaxing)
 .ARM.exidx.text.USBD_HID_GetReportDescriptor_impl
                0xd0000008        0x0 obj/usbd_impl.o
                                  0x8 (size before relaxing)
 .ARM.exidx.text.USBD_U2F_Init
                0xd0000008        0x0 obj/usbd_impl.o
                                  0x8 (size before relaxing)
 .ARM.exidx.text.USBD_U2F_DataIn_impl
                0xd0000008        0x0 obj/usbd_impl.o
                                  0x8 (size before relaxing)
 .ARM.exidx.text.USBD_U2F_DataOut_impl
                0xd0000008        0x0 obj/usbd_impl.o
                                  0x8 (size before relaxing)
 .ARM.exidx.text.USBD_HID_DataIn_impl
                0xd0000008        0x0 obj/usbd_impl.o
                                  0x8 (size before relaxing)
 .ARM.exidx.text.USBD_HID_DataOut_impl
                0xd0000008        0x0 obj/usbd_impl.o
                                  0x8 (size before relaxing)
 .ARM.exidx.text.USBD_WEBUSB_Init
                0xd0000008        0x0 obj/usbd_impl.o
                                  0x8 (size before relaxing)
 .ARM.exidx.text.USBD_WEBUSB_DeInit
                0xd0000008        0x0 obj/usbd_impl.o
                                  0x8 (size before relaxing)
 .ARM.exidx.text.USBD_WEBUSB_Setup
                0xd0000008        0x0 obj/usbd_impl.o
                                  0x8 (size before relaxing)
 .ARM.exidx.text.USBD_WEBUSB_DataIn
                0xd0000008        0x0 obj/usbd_impl.o
                                  0x8 (size before relaxing)
 .ARM.exidx.text.USBD_WEBUSB_DataOut
                0xd0000008        0x0 obj/usbd_impl.o
                                  0x8 (size before relaxing)
 .ARM.exidx.text.USBD_DeviceDescriptor
                0xd0000008        0x0 obj/usbd_impl.o
                                  0x8 (size before relaxing)
 .ARM.exidx.text.USBD_LangIDStrDescriptor
                0xd0000008        0x0 obj/usbd_impl.o
                                  0x8 (size before relaxing)
 .ARM.exidx.text.USBD_ManufacturerStrDescriptor
                0xd0000008        0x0 obj/usbd_impl.o
                                  0x8 (size before relaxing)
 .ARM.exidx.text.USBD_ProductStrDescriptor
                0xd0000008        0x0 obj/usbd_impl.o
                                  0x8 (size before relaxing)
 .ARM.exidx.text.USBD_SerialStrDescriptor
                0xd0000008        0x0 obj/usbd_impl.o
                                  0x8 (size before relaxing)
 .ARM.exidx.text.USBD_ConfigStrDescriptor
                0xd0000008        0x0 obj/usbd_impl.o
                                  0x8 (size before relaxing)
 .ARM.exidx.text.USBD_InterfaceStrDescriptor
                0xd0000008        0x0 obj/usbd_impl.o
                                  0x8 (size before relaxing)
 .ARM.exidx.text.USBD_BOSDescriptor
                0xd0000008        0x0 obj/usbd_impl.o
                                  0x8 (size before relaxing)
 .ARM.exidx.text.USBD_CtlError
                0xd0000008        0x0 obj/usbd_impl.o
                                  0x8 (size before relaxing)
 .ARM.exidx.text.USB_power
                0xd0000008        0x0 obj/usbd_impl.o
                                  0x8 (size before relaxing)
 .ARM.exidx.text.USBD_GetCfgDesc_impl
                0xd0000008        0x0 obj/usbd_impl.o
                                  0x8 (size before relaxing)
 .ARM.exidx.text.USBD_GetDeviceQualifierDesc_impl
                0xd0000008        0x0 obj/usbd_impl.o
                                  0x8 (size before relaxing)
 .ARM.exidx.text.USBD_CtlSendData
                0xd0000008        0x0 obj/usbd_ioreq.o
                                  0x8 (size before relaxing)
 .ARM.exidx.text.USBD_CtlContinueSendData
                0xd0000008        0x0 obj/usbd_ioreq.o
                                  0x8 (size before relaxing)
 .ARM.exidx.text.USBD_CtlContinueRx
                0xd0000008        0x0 obj/usbd_ioreq.o
                                  0x8 (size before relaxing)
 .ARM.exidx.text.USBD_CtlSendStatus
                0xd0000008        0x0 obj/usbd_ioreq.o
                                  0x8 (size before relaxing)
 .ARM.exidx.text.USBD_CtlReceiveStatus
                0xd0000008        0x0 obj/usbd_ioreq.o
                                  0x8 (size before relaxing)
 .ARM.exidx.text.btox
                0xd0000008        0x0 obj/utils.o
                                  0x8 (size before relaxing)
 .ARM.exidx.text.getAddressStringFromBinary
                0xd0000008        0x0 obj/utils.o
                                  0x8 (size before relaxing)
 .ARM.exidx.text.getPublicKey
                0xd0000008        0x0 obj/utils.o
                                  0x8 (size before relaxing)
 .ARM.exidx.text.getPrivateKey
                0xd0000008        0x0 obj/utils.o
                                  0x8 (size before relaxing)
 .ARM.exidx.text.readUint32BE
                0xd0000008        0x0 obj/utils.o
                                  0x8 (size before relaxing)
 .ARM.exidx.text.sendResponse
                0xd0000008        0x0 obj/utils.o
                                  0x8 (size before relaxing)
 .ARM.exidx.text.parseAPDU
                0xd0000008        0x0 obj/utils.o
                                  0x8 (size before relaxing)
 .ARM.exidx.text.ux_flow_is_first
                0xd0000008        0x0 obj/ux_flow_engine.o
                                  0x8 (size before relaxing)
 .ARM.exidx.text.ux_flow_is_last
                0xd0000008        0x0 obj/ux_flow_engine.o
                                  0x8 (size before relaxing)
 .ARM.exidx.text.ux_flow_direction
                0xd0000008        0x0 obj/ux_flow_engine.o
                                  0x8 (size before relaxing)
 .ARM.exidx.text.ux_flow_next_internal
                0xd0000008        0x0 obj/ux_flow_engine.o
                                  0x8 (size before relaxing)
 .ARM.exidx.text.ux_flow_next
                0xd0000008        0x0 obj/ux_flow_engine.o
                                  0x8 (size before relaxing)
 .ARM.exidx.text.ux_flow_prev
                0xd0000008        0x0 obj/ux_flow_engine.o
                                  0x8 (size before relaxing)
 .ARM.exidx.text.ux_flow_engine_init_step
                0xd0000008        0x0 obj/ux_flow_engine.o
                                  0x8 (size before relaxing)
 .ARM.exidx.text.ux_flow_validate
                0xd0000008        0x0 obj/ux_flow_engine.o
                                  0x8 (size before relaxing)
 .ARM.exidx.text.ux_flow_init
                0xd0000008        0x0 obj/ux_flow_engine.o
                                  0x8 (size before relaxing)
 .ARM.exidx.text.ux_flow_button_callback
                0xd0000008        0x0 obj/ux_flow_engine.o
                                  0x8 (size before relaxing)
 .ARM.exidx.text.ux_stack_get_step_params
                0xd0000008        0x0 obj/ux_flow_engine.o
                                  0x8 (size before relaxing)
 .ARM.exidx.text.ux_stack_get_current_step_params
                0xd0000008        0x0 obj/ux_flow_engine.o
                                  0x8 (size before relaxing)
 .ARM.exidx.text.ux_layout_bb_init_common
                0xd0000008        0x0 obj/ux_layout_bb.o
                                  0x8 (size before relaxing)
 .ARM.exidx.text.ux_layout_bn_prepro
                0xd0000008        0x0 obj/ux_layout_bn.o
                                  0x8 (size before relaxing)
 .ARM.exidx.text.ux_layout_bn_init
                0xd0000008        0x0 obj/ux_layout_bn.o
                                  0x8 (size before relaxing)
 .ARM.exidx.text.ux_layout_nnbnn_prepro
                0xd0000008        0x0 obj/ux_layout_nnbnn.o
                                  0x8 (size before relaxing)
 .ARM.exidx.text.ux_layout_nnbnn_init
                0xd0000008        0x0 obj/ux_layout_nnbnn.o
                                  0x8 (size before relaxing)
 .ARM.exidx.text.ux_layout_paging_compute
                0xd0000008        0x0 obj/ux_layout_paging.o
                                  0x8 (size before relaxing)
 .ARM.exidx.text.ux_layout_paging_redisplay
                0xd0000008        0x0 obj/ux_layout_paging.o
                                  0x8 (size before relaxing)
 .ARM.exidx.text.ux_layout_paging_prepro
                0xd0000008        0x0 obj/ux_layout_paging.o
                                  0x8 (size before relaxing)
 .ARM.exidx.text.ux_layout_paging_button_callback
                0xd0000008        0x0 obj/ux_layout_paging.o
                                  0x8 (size before relaxing)
 .ARM.exidx.text.ux_layout_paging_init
                0xd0000008        0x0 obj/ux_layout_paging.o
                                  0x8 (size before relaxing)
 .ARM.exidx.text.ux_layout_pb_prepro
                0xd0000008        0x0 obj/ux_layout_pb.o
                                  0x8 (size before relaxing)
 .ARM.exidx.text.ux_layout_pb_init
                0xd0000008        0x0 obj/ux_layout_pb.o
                                  0x8 (size before relaxing)
 .ARM.exidx.text.ux_layout_pbb_prepro
                0xd0000008        0x0 obj/ux_layout_pbb.o
                                  0x8 (size before relaxing)
 .ARM.exidx.text.ux_layout_pbb_init_common
                0xd0000008        0x0 obj/ux_layout_pbb.o
                                  0x8 (size before relaxing)
 .ARM.exidx.text.ux_layout_pnn_prepro
                0xd0000008        0x0 obj/ux_layout_pnn.o
                                  0x8 (size before relaxing)
 .ARM.exidx.text.ux_layout_pnn_init
                0xd0000008        0x0 obj/ux_layout_pnn.o
                                  0x8 (size before relaxing)
 .ARM.exidx.text.ux_layout_strings_prepro
                0xd0000008        0x0 obj/ux_layout_utils.o
                                  0x8 (size before relaxing)
 .ARM.exidx.text.ux_menulist_button
                0xd0000008        0x0 obj/ux_menulist.o
                                  0x8 (size before relaxing)
 .ARM.exidx.text.ux_menulist_refresh
                0xd0000008        0x0 obj/ux_menulist.o
                                  0x8 (size before relaxing)
 .ARM.exidx.text.ux_menulist_init_select
                0xd0000008        0x0 obj/ux_menulist.o
                                  0x8 (size before relaxing)
 .ARM.exidx.text.ux_menulist_init
                0xd0000008        0x0 obj/ux_menulist.o
                                  0x8 (size before relaxing)
 .ARM.exidx.text.ux_stack_push
                0xd0000008        0x0 obj/ux_stack.o
                                  0x8 (size before relaxing)
 .ARM.exidx.text.ux_stack_display
                0xd0000008        0x0 obj/ux_stack.o
                                  0x8 (size before relaxing)
 .ARM.exidx.text.ux_stack_init
                0xd0000008        0x0 obj/ux_stack.o
                                  0x8 (size before relaxing)
 .ARM.exidx.text.ux_stack_al_display_next_element
                0xd0000008        0x0 obj/ux_stack.o
                                  0x8 (size before relaxing)

.rel.dyn        0xd0000008        0x0
 .rel.iplt      0xd0000008        0x0 obj/cx.o

.stab
 *(.stab)

.stabstr
 *(.stabstr)

.stab.excl
 *(.stab.excl)

.stab.exclstr
 *(.stab.exclstr)

.stab.index
 *(.stab.index)

.stab.indexstr
 *(.stab.indexstr)

.comment        0x00000000       0x2d
 *(.comment)
 .comment       0x00000000       0x2d obj/getAddress.o
                                 0x2e (size before relaxing)
 .comment       0x0000002d       0x2e obj/globals.o
 .comment       0x0000002d       0x2e obj/glyphs.o
 .comment       0x0000002d       0x2e obj/main.o
 .comment       0x0000002d       0x2e obj/menu.o
 .comment       0x0000002d       0x2e obj/os.o
 .comment       0x0000002d       0x2e obj/os_io_seproxyhal.o
 .comment       0x0000002d       0x2e obj/os_io_usb.o
 .comment       0x0000002d       0x2e obj/os_printf.o
 .comment       0x0000002d       0x2e obj/pic.o
 .comment       0x0000002d       0x2e obj/pic_internal.o
 .comment       0x0000002d       0x2e obj/signRawTx.o
 .comment       0x0000002d       0x2e obj/syscalls.o
 .comment       0x0000002d       0x2e obj/u2f_impl.o
 .comment       0x0000002d       0x2e obj/u2f_io.o
 .comment       0x0000002d       0x2e obj/u2f_transport.o
 .comment       0x0000002d       0x2e obj/usbd_conf.o
 .comment       0x0000002d       0x2e obj/usbd_core.o
 .comment       0x0000002d       0x2e obj/usbd_ctlreq.o
 .comment       0x0000002d       0x2e obj/usbd_hid.o
 .comment       0x0000002d       0x2e obj/usbd_impl.o
 .comment       0x0000002d       0x2e obj/usbd_ioreq.o
 .comment       0x0000002d       0x2e obj/utils.o
 .comment       0x0000002d       0x2e obj/ux_flow_engine.o
 .comment       0x0000002d       0x2e obj/ux_layout_bb.o
 .comment       0x0000002d       0x2e obj/ux_layout_bn.o
 .comment       0x0000002d       0x2e obj/ux_layout_nnbnn.o
 .comment       0x0000002d       0x2e obj/ux_layout_paging.o
 .comment       0x0000002d       0x2e obj/ux_layout_pb.o
 .comment       0x0000002d       0x2e obj/ux_layout_pbb.o
 .comment       0x0000002d       0x2e obj/ux_layout_pnn.o
 .comment       0x0000002d       0x2e obj/ux_layout_utils.o
 .comment       0x0000002d       0x2e obj/ux_menulist.o
 .comment       0x0000002d       0x2e obj/ux_stack.o

.note.GNU-stack
                0x00000000        0x0
 .note.GNU-stack
                0x00000000        0x0 obj/getAddress.o
 .note.GNU-stack
                0x00000000        0x0 obj/globals.o
 .note.GNU-stack
                0x00000000        0x0 obj/glyphs.o
 .note.GNU-stack
                0x00000000        0x0 obj/main.o
 .note.GNU-stack
                0x00000000        0x0 obj/menu.o
 .note.GNU-stack
                0x00000000        0x0 obj/os.o
 .note.GNU-stack
                0x00000000        0x0 obj/os_io_seproxyhal.o
 .note.GNU-stack
                0x00000000        0x0 obj/os_io_usb.o
 .note.GNU-stack
                0x00000000        0x0 obj/os_printf.o
 .note.GNU-stack
                0x00000000        0x0 obj/pic.o
 .note.GNU-stack
                0x00000000        0x0 obj/pic_internal.o
 .note.GNU-stack
                0x00000000        0x0 obj/signRawTx.o
 .note.GNU-stack
                0x00000000        0x0 obj/syscalls.o
 .note.GNU-stack
                0x00000000        0x0 obj/u2f_impl.o
 .note.GNU-stack
                0x00000000        0x0 obj/u2f_io.o
 .note.GNU-stack
                0x00000000        0x0 obj/u2f_transport.o
 .note.GNU-stack
                0x00000000        0x0 obj/usbd_conf.o
 .note.GNU-stack
                0x00000000        0x0 obj/usbd_core.o
 .note.GNU-stack
                0x00000000        0x0 obj/usbd_ctlreq.o
 .note.GNU-stack
                0x00000000        0x0 obj/usbd_hid.o
 .note.GNU-stack
                0x00000000        0x0 obj/usbd_impl.o
 .note.GNU-stack
                0x00000000        0x0 obj/usbd_ioreq.o
 .note.GNU-stack
                0x00000000        0x0 obj/utils.o
 .note.GNU-stack
                0x00000000        0x0 obj/ux_flow_engine.o
 .note.GNU-stack
                0x00000000        0x0 obj/ux_layout_bb.o
 .note.GNU-stack
                0x00000000        0x0 obj/ux_layout_bn.o
 .note.GNU-stack
                0x00000000        0x0 obj/ux_layout_nnbnn.o
 .note.GNU-stack
                0x00000000        0x0 obj/ux_layout_paging.o
 .note.GNU-stack
                0x00000000        0x0 obj/ux_layout_pb.o
 .note.GNU-stack
                0x00000000        0x0 obj/ux_layout_pbb.o
 .note.GNU-stack
                0x00000000        0x0 obj/ux_layout_pnn.o
 .note.GNU-stack
                0x00000000        0x0 obj/ux_layout_utils.o
 .note.GNU-stack
                0x00000000        0x0 obj/ux_menulist.o
 .note.GNU-stack
                0x00000000        0x0 obj/ux_stack.o

.ARM.attributes
                0x00000000       0x33
 .ARM.attributes
                0x00000000       0x43 obj/getAddress.o
 .ARM.attributes
                0x00000043       0x41 obj/globals.o
 .ARM.attributes
                0x00000084       0x41 obj/glyphs.o
 .ARM.attributes
                0x000000c5       0x43 obj/main.o
 .ARM.attributes
                0x00000108       0x43 obj/menu.o
 .ARM.attributes
                0x0000014b       0x43 obj/os.o
 .ARM.attributes
                0x0000018e       0x43 obj/os_io_seproxyhal.o
 .ARM.attributes
                0x000001d1       0x43 obj/os_io_usb.o
 .ARM.attributes
                0x00000214       0x43 obj/os_printf.o
 .ARM.attributes
                0x00000257       0x43 obj/pic.o
 .ARM.attributes
                0x0000029a       0x43 obj/pic_internal.o
 .ARM.attributes
                0x000002dd       0x43 obj/signRawTx.o
 .ARM.attributes
                0x00000320       0x43 obj/syscalls.o
 .ARM.attributes
                0x00000363       0x43 obj/u2f_impl.o
 .ARM.attributes
                0x000003a6       0x43 obj/u2f_io.o
 .ARM.attributes
                0x000003e9       0x43 obj/u2f_transport.o
 .ARM.attributes
                0x0000042c       0x43 obj/usbd_conf.o
 .ARM.attributes
                0x0000046f       0x43 obj/usbd_core.o
 .ARM.attributes
                0x000004b2       0x43 obj/usbd_ctlreq.o
 .ARM.attributes
                0x000004f5       0x43 obj/usbd_hid.o
 .ARM.attributes
                0x00000538       0x43 obj/usbd_impl.o
 .ARM.attributes
                0x0000057b       0x43 obj/usbd_ioreq.o
 .ARM.attributes
                0x000005be       0x43 obj/utils.o
 .ARM.attributes
                0x00000601       0x43 obj/ux_flow_engine.o
 .ARM.attributes
                0x00000644       0x43 obj/ux_layout_bb.o
 .ARM.attributes
                0x00000687       0x43 obj/ux_layout_bn.o
 .ARM.attributes
                0x000006ca       0x43 obj/ux_layout_nnbnn.o
 .ARM.attributes
                0x0000070d       0x43 obj/ux_layout_paging.o
 .ARM.attributes
                0x00000750       0x43 obj/ux_layout_pb.o
 .ARM.attributes
                0x00000793       0x43 obj/ux_layout_pbb.o
 .ARM.attributes
                0x000007d6       0x43 obj/ux_layout_pnn.o
 .ARM.attributes
                0x00000819       0x43 obj/ux_layout_utils.o
 .ARM.attributes
                0x0000085c       0x43 obj/ux_menulist.o
 .ARM.attributes
                0x0000089f       0x43 obj/ux_stack.o
 .ARM.attributes
                0x000008e2       0x1e /home/kevin/bolos/gcc-arm-none-eabi-5_3-2016q1/bin/../lib/gcc/arm-none-eabi/5.3.1/armv6-m/libgcc.a(_udivsi3.o)
 .ARM.attributes